// Jest Snapshot v1, https://goo.gl/fbAQLP

exports[`Menu items (RTL) 1`] = `
"<div class=\\"pe-rtl\\">
  <div class=
  \\"pe-menu pe-menu--permanent pe-menu--floating pe-menu--width-5\\">
    <div class=\\"pe-menu__content\\">
      <div class=\\"pe-shadow pe-shadow--animated\\">
        <div class=\\"pe-shadow__bottom pe-shadow--z-1\\"></div>
        <div class=\\"pe-shadow__top pe-shadow--z-1\\"></div>
      </div>
      <div class=\\"pe-list pe-list--compact pe-list--padding\\">
        <div class=\\"pe-list-tile pe-list-tile--hoverable\\" tabindex=
        \\"0\\">
          <div class=\\"pe-list-tile__primary\\" style=\\"\\">
            <div class=\\"pe-list-tile__content\\">
              <div class=\\"pe-list-tile__title\\">
                Bold
              </div>
            </div>
          </div>
          <div class=\\"pe-list-tile__secondary\\">
            <div class=\\"pe-list-tile__content\\">
              ⌘B
            </div>
          </div>
        </div>
        <div class=\\"pe-list-tile pe-list-tile--hoverable\\" tabindex=
        \\"0\\">
          <div class=\\"pe-list-tile__primary\\" style=\\"\\">
            <div class=\\"pe-list-tile__content\\">
              <div class=\\"pe-list-tile__title\\">
                Italic
              </div>
            </div>
          </div>
          <div class=\\"pe-list-tile__secondary\\">
            <div class=\\"pe-list-tile__content\\">
              ⌘I
            </div>
          </div>
        </div>
        <div class=\\"pe-list-tile pe-list-tile--hoverable\\" tabindex=
        \\"0\\">
          <div class=\\"pe-list-tile__primary\\" style=\\"\\">
            <div class=\\"pe-list-tile__content\\">
              <div class=\\"pe-list-tile__title\\">
                Underline
              </div>
            </div>
          </div>
          <div class=\\"pe-list-tile__secondary\\">
            <div class=\\"pe-list-tile__content\\">
              ⌘U
            </div>
          </div>
        </div>
        <div class=\\"pe-list-tile pe-list-tile--hoverable\\" tabindex=
        \\"0\\">
          <div class=\\"pe-list-tile__primary\\" style=\\"\\">
            <div class=\\"pe-list-tile__content\\">
              <div class=\\"pe-list-tile__title\\">
                Strikethrough
              </div>
            </div>
          </div>
          <div class=\\"pe-list-tile__secondary\\">
            <div class=\\"pe-list-tile__content\\">
              Alt+Shift+5
            </div>
          </div>
        </div>
        <div class=\\"pe-list-tile pe-list-tile--hoverable\\" tabindex=
        \\"0\\">
          <div class=\\"pe-list-tile__primary\\" style=\\"\\">
            <div class=\\"pe-list-tile__content\\">
              <div class=\\"pe-list-tile__title\\">
                Superscript
              </div>
            </div>
          </div>
          <div class=\\"pe-list-tile__secondary\\">
            <div class=\\"pe-list-tile__content\\">
              ⌘.
            </div>
          </div>
        </div>
        <div class=\\"pe-list-tile pe-list-tile--hoverable\\" tabindex=
        \\"0\\">
          <div class=\\"pe-list-tile__primary\\" style=\\"\\">
            <div class=\\"pe-list-tile__content\\">
              <div class=\\"pe-list-tile__title\\">
                Subscript
              </div>
            </div>
          </div>
          <div class=\\"pe-list-tile__secondary\\">
            <div class=\\"pe-list-tile__content\\">
              ⌘,
            </div>
          </div>
        </div>
      </div>
      <div class=\\"pe-list pe-list--compact pe-list--padding\\">
        <div class=
        \\"pe-list-tile pe-list-tile--disabled pe-list-tile--hoverable\\"
        tabindex=\\"0\\">
          <div class=\\"pe-list-tile__primary\\" style=\\"\\">
            <div class=\\"pe-list-tile__content\\">
              <div class=\\"pe-list-tile__title\\">
                Clear formatting
              </div>
            </div>
          </div>
          <div class=\\"pe-list-tile__secondary\\">
            <div class=\\"pe-list-tile__content\\">
              ⌘/
            </div>
          </div>
        </div>
        <div class=\\"pe-list-tile pe-list-tile--hoverable\\" tabindex=
        \\"0\\">
          <div class=\\"pe-list-tile__primary\\" style=\\"\\">
            <div class=\\"pe-list-tile__content\\">
              <div class=\\"pe-list-tile__title\\">
                Custom spacing
              </div>
            </div>
          </div>
          <div class=\\"pe-list-tile__secondary\\">
            <div class=\\"pe-list-tile__content\\"></div>
          </div>
        </div>
      </div>
    </div>
  </div>
</div>
"
`;

exports[`Menu items -- dark tone 1`] = `
"<div class=
\\"pe-menu pe-menu--permanent pe-menu--floating pe-menu--width-5\\">
  <div class=\\"pe-menu__content\\">
    <div class=\\"pe-shadow pe-shadow--animated\\">
      <div class=\\"pe-shadow__bottom pe-shadow--z-1\\"></div>
      <div class=\\"pe-shadow__top pe-shadow--z-1\\"></div>
    </div>
    <div class=\\"pe-list pe-list--compact pe-list--padding\\">
      <div class=\\"pe-list-tile pe-list-tile--hoverable\\" tabindex=
      \\"0\\">
        <div class=\\"pe-list-tile__primary\\" style=\\"\\">
          <div class=\\"pe-list-tile__content\\">
            <div class=\\"pe-list-tile__title\\">
              Bold
            </div>
          </div>
        </div>
        <div class=\\"pe-list-tile__secondary\\">
          <div class=\\"pe-list-tile__content\\">
            ⌘B
          </div>
        </div>
      </div>
      <div class=\\"pe-list-tile pe-list-tile--hoverable\\" tabindex=
      \\"0\\">
        <div class=\\"pe-list-tile__primary\\" style=\\"\\">
          <div class=\\"pe-list-tile__content\\">
            <div class=\\"pe-list-tile__title\\">
              Italic
            </div>
          </div>
        </div>
        <div class=\\"pe-list-tile__secondary\\">
          <div class=\\"pe-list-tile__content\\">
            ⌘I
          </div>
        </div>
      </div>
      <div class=\\"pe-list-tile pe-list-tile--hoverable\\" tabindex=
      \\"0\\">
        <div class=\\"pe-list-tile__primary\\" style=\\"\\">
          <div class=\\"pe-list-tile__content\\">
            <div class=\\"pe-list-tile__title\\">
              Underline
            </div>
          </div>
        </div>
        <div class=\\"pe-list-tile__secondary\\">
          <div class=\\"pe-list-tile__content\\">
            ⌘U
          </div>
        </div>
      </div>
      <div class=\\"pe-list-tile pe-list-tile--hoverable\\" tabindex=
      \\"0\\">
        <div class=\\"pe-list-tile__primary\\" style=\\"\\">
          <div class=\\"pe-list-tile__content\\">
            <div class=\\"pe-list-tile__title\\">
              Strikethrough
            </div>
          </div>
        </div>
        <div class=\\"pe-list-tile__secondary\\">
          <div class=\\"pe-list-tile__content\\">
            Alt+Shift+5
          </div>
        </div>
      </div>
      <div class=\\"pe-list-tile pe-list-tile--hoverable\\" tabindex=
      \\"0\\">
        <div class=\\"pe-list-tile__primary\\" style=\\"\\">
          <div class=\\"pe-list-tile__content\\">
            <div class=\\"pe-list-tile__title\\">
              Superscript
            </div>
          </div>
        </div>
        <div class=\\"pe-list-tile__secondary\\">
          <div class=\\"pe-list-tile__content\\">
            ⌘.
          </div>
        </div>
      </div>
      <div class=\\"pe-list-tile pe-list-tile--hoverable\\" tabindex=
      \\"0\\">
        <div class=\\"pe-list-tile__primary\\" style=\\"\\">
          <div class=\\"pe-list-tile__content\\">
            <div class=\\"pe-list-tile__title\\">
              Subscript
            </div>
          </div>
        </div>
        <div class=\\"pe-list-tile__secondary\\">
          <div class=\\"pe-list-tile__content\\">
            ⌘,
          </div>
        </div>
      </div>
    </div>
    <div class=\\"pe-list pe-list--compact pe-list--padding\\">
      <div class=
      \\"pe-list-tile pe-list-tile--disabled pe-list-tile--hoverable\\"
      tabindex=\\"0\\">
        <div class=\\"pe-list-tile__primary\\" style=\\"\\">
          <div class=\\"pe-list-tile__content\\">
            <div class=\\"pe-list-tile__title\\">
              Clear formatting
            </div>
          </div>
        </div>
        <div class=\\"pe-list-tile__secondary\\">
          <div class=\\"pe-list-tile__content\\">
            ⌘/
          </div>
        </div>
      </div>
      <div class=\\"pe-list-tile pe-list-tile--hoverable\\" tabindex=
      \\"0\\">
        <div class=\\"pe-list-tile__primary\\" style=\\"\\">
          <div class=\\"pe-list-tile__content\\">
            <div class=\\"pe-list-tile__title\\">
              Custom spacing
            </div>
          </div>
        </div>
        <div class=\\"pe-list-tile__secondary\\">
          <div class=\\"pe-list-tile__content\\"></div>
        </div>
      </div>
    </div>
  </div>
</div>
"
`;

exports[`Menu items 1`] = `
"<div class=
\\"pe-menu pe-menu--permanent pe-menu--floating pe-menu--width-5\\">
  <div class=\\"pe-menu__content\\">
    <div class=\\"pe-shadow pe-shadow--animated\\">
      <div class=\\"pe-shadow__bottom pe-shadow--z-1\\"></div>
      <div class=\\"pe-shadow__top pe-shadow--z-1\\"></div>
    </div>
    <div class=\\"pe-list pe-list--compact pe-list--padding\\">
      <div class=\\"pe-list-tile pe-list-tile--hoverable\\" tabindex=
      \\"0\\">
        <div class=\\"pe-list-tile__primary\\" style=\\"\\">
          <div class=\\"pe-list-tile__content\\">
            <div class=\\"pe-list-tile__title\\">
              Bold
            </div>
          </div>
        </div>
        <div class=\\"pe-list-tile__secondary\\">
          <div class=\\"pe-list-tile__content\\">
            ⌘B
          </div>
        </div>
      </div>
      <div class=\\"pe-list-tile pe-list-tile--hoverable\\" tabindex=
      \\"0\\">
        <div class=\\"pe-list-tile__primary\\" style=\\"\\">
          <div class=\\"pe-list-tile__content\\">
            <div class=\\"pe-list-tile__title\\">
              Italic
            </div>
          </div>
        </div>
        <div class=\\"pe-list-tile__secondary\\">
          <div class=\\"pe-list-tile__content\\">
            ⌘I
          </div>
        </div>
      </div>
      <div class=\\"pe-list-tile pe-list-tile--hoverable\\" tabindex=
      \\"0\\">
        <div class=\\"pe-list-tile__primary\\" style=\\"\\">
          <div class=\\"pe-list-tile__content\\">
            <div class=\\"pe-list-tile__title\\">
              Underline
            </div>
          </div>
        </div>
        <div class=\\"pe-list-tile__secondary\\">
          <div class=\\"pe-list-tile__content\\">
            ⌘U
          </div>
        </div>
      </div>
      <div class=\\"pe-list-tile pe-list-tile--hoverable\\" tabindex=
      \\"0\\">
        <div class=\\"pe-list-tile__primary\\" style=\\"\\">
          <div class=\\"pe-list-tile__content\\">
            <div class=\\"pe-list-tile__title\\">
              Strikethrough
            </div>
          </div>
        </div>
        <div class=\\"pe-list-tile__secondary\\">
          <div class=\\"pe-list-tile__content\\">
            Alt+Shift+5
          </div>
        </div>
      </div>
      <div class=\\"pe-list-tile pe-list-tile--hoverable\\" tabindex=
      \\"0\\">
        <div class=\\"pe-list-tile__primary\\" style=\\"\\">
          <div class=\\"pe-list-tile__content\\">
            <div class=\\"pe-list-tile__title\\">
              Superscript
            </div>
          </div>
        </div>
        <div class=\\"pe-list-tile__secondary\\">
          <div class=\\"pe-list-tile__content\\">
            ⌘.
          </div>
        </div>
      </div>
      <div class=\\"pe-list-tile pe-list-tile--hoverable\\" tabindex=
      \\"0\\">
        <div class=\\"pe-list-tile__primary\\" style=\\"\\">
          <div class=\\"pe-list-tile__content\\">
            <div class=\\"pe-list-tile__title\\">
              Subscript
            </div>
          </div>
        </div>
        <div class=\\"pe-list-tile__secondary\\">
          <div class=\\"pe-list-tile__content\\">
            ⌘,
          </div>
        </div>
      </div>
    </div>
    <div class=\\"pe-list pe-list--compact pe-list--padding\\">
      <div class=
      \\"pe-list-tile pe-list-tile--disabled pe-list-tile--hoverable\\"
      tabindex=\\"0\\">
        <div class=\\"pe-list-tile__primary\\" style=\\"\\">
          <div class=\\"pe-list-tile__content\\">
            <div class=\\"pe-list-tile__title\\">
              Clear formatting
            </div>
          </div>
        </div>
        <div class=\\"pe-list-tile__secondary\\">
          <div class=\\"pe-list-tile__content\\">
            ⌘/
          </div>
        </div>
      </div>
      <div class=\\"pe-list-tile pe-list-tile--hoverable\\" tabindex=
      \\"0\\">
        <div class=\\"pe-list-tile__primary\\" style=\\"\\">
          <div class=\\"pe-list-tile__content\\">
            <div class=\\"pe-list-tile__title\\">
              Custom spacing
            </div>
          </div>
        </div>
        <div class=\\"pe-list-tile__secondary\\">
          <div class=\\"pe-list-tile__content\\"></div>
        </div>
      </div>
    </div>
  </div>
</div>
"
`;

exports[`No options 1`] = `
"<div class=\\"pe-menu pe-menu--permanent pe-menu--floating\\">
  <div class=\\"pe-menu__content\\">
    <div class=\\"pe-shadow pe-shadow--animated\\">
      <div class=\\"pe-shadow__bottom pe-shadow--z-1\\"></div>
      <div class=\\"pe-shadow__top pe-shadow--z-1\\"></div>
    </div>
  </div>
</div>
"
`;

exports[`Option: class 1`] = `
"<div class=\\"pe-menu pe-menu--permanent pe-menu--floating class-x\\">
  <div class=\\"pe-menu__content\\">
    <div class=\\"pe-shadow pe-shadow--animated\\">
      <div class=\\"pe-shadow__bottom pe-shadow--z-1\\"></div>
      <div class=\\"pe-shadow__top pe-shadow--z-1\\"></div>
    </div>
  </div>
</div>
"
`;

exports[`Option: className 1`] = `
"<div class=
\\"pe-menu pe-menu--permanent pe-menu--floating className-x\\">
  <div class=\\"pe-menu__content\\">
    <div class=\\"pe-shadow pe-shadow--animated\\">
      <div class=\\"pe-shadow__bottom pe-shadow--z-1\\"></div>
      <div class=\\"pe-shadow__top pe-shadow--z-1\\"></div>
    </div>
  </div>
</div>
"
`;

exports[`Option: element 1`] = `
"<a class=\\"pe-menu pe-menu--permanent pe-menu--floating\\">
<div class=\\"pe-menu__content\\">
  <div class=\\"pe-shadow pe-shadow--animated\\">
    <div class=\\"pe-shadow__bottom pe-shadow--z-1\\"></div>
    <div class=\\"pe-shadow__top pe-shadow--z-1\\"></div>
  </div>
</div></a>
"
`;

exports[`Option: id 1`] = `
"<div id=\\"id-x\\" class=
\\"pe-menu pe-menu--permanent pe-menu--floating\\">
  <div class=\\"pe-menu__content\\">
    <div class=\\"pe-shadow pe-shadow--animated\\">
      <div class=\\"pe-shadow__bottom pe-shadow--z-1\\"></div>
      <div class=\\"pe-shadow__top pe-shadow--z-1\\"></div>
    </div>
  </div>
</div>
"
`;

exports[`Option: size 1`] = `
"<div style=\\"overflow: hidden; padding: 10px;\\">
  <div class=
  \\"pe-menu pe-menu--permanent pe-menu--floating pe-menu--width-1-5\\">
  <div class=\\"pe-menu__content\\">
      <div class=\\"pe-shadow pe-shadow--animated\\">
        <div class=\\"pe-shadow__bottom pe-shadow--z-1\\"></div>
        <div class=\\"pe-shadow__top pe-shadow--z-1\\"></div>
      </div>
      <div class=
      \\"pe-list pe-list--header pe-list--compact pe-list--padding\\">
        <div class=
        \\"pe-list-tile pe-list-tile--header pe-list-tile--header\\">
          <div class=\\"pe-list-tile__primary\\" style=\\"\\">
            <div class=\\"pe-list-tile__content\\">
              <div class=\\"pe-list-tile__title\\">
                1.5
              </div>
            </div>
          </div>
        </div>
        <div class=\\"pe-list-tile\\" tabindex=\\"0\\">
          <div class=\\"pe-list-tile__primary\\" style=\\"\\">
            <div class=\\"pe-list-tile__content\\">
              <div class=\\"pe-list-tile__title\\">
                Yes
              </div>
            </div>
          </div>
        </div>
        <div class=\\"pe-list-tile\\" tabindex=\\"0\\">
          <div class=\\"pe-list-tile__primary\\" style=\\"\\">
            <div class=\\"pe-list-tile__content\\">
              <div class=\\"pe-list-tile__title\\">
                No
              </div>
            </div>
          </div>
        </div>
        <div class=\\"pe-list-tile\\" tabindex=\\"0\\">
          <div class=\\"pe-list-tile__primary\\" style=\\"\\">
            <div class=\\"pe-list-tile__content\\">
              <div class=\\"pe-list-tile__title\\">
                Maybe
              </div>
            </div>
          </div>
        </div>
      </div>
    </div>
  </div>
  <div class=
  \\"pe-menu pe-menu--permanent pe-menu--floating pe-menu--width-2\\">
    <div class=\\"pe-menu__content\\">
      <div class=\\"pe-shadow pe-shadow--animated\\">
        <div class=\\"pe-shadow__bottom pe-shadow--z-1\\"></div>
        <div class=\\"pe-shadow__top pe-shadow--z-1\\"></div>
      </div>
      <div class=
      \\"pe-list pe-list--header pe-list--compact pe-list--padding\\">
        <div class=
        \\"pe-list-tile pe-list-tile--header pe-list-tile--header\\">
          <div class=\\"pe-list-tile__primary\\" style=\\"\\">
            <div class=\\"pe-list-tile__content\\">
              <div class=\\"pe-list-tile__title\\">
                2
              </div>
            </div>
          </div>
        </div>
        <div class=\\"pe-list-tile\\" tabindex=\\"0\\">
          <div class=\\"pe-list-tile__primary\\" style=\\"\\">
            <div class=\\"pe-list-tile__content\\">
              <div class=\\"pe-list-tile__title\\">
                Copy
              </div>
            </div>
          </div>
        </div>
        <div class=\\"pe-list-tile\\" tabindex=\\"0\\">
          <div class=\\"pe-list-tile__primary\\" style=\\"\\">
            <div class=\\"pe-list-tile__content\\">
              <div class=\\"pe-list-tile__title\\">
                Paste
              </div>
            </div>
          </div>
        </div>
        <div class=\\"pe-list-tile\\" tabindex=\\"0\\">
          <div class=\\"pe-list-tile__primary\\" style=\\"\\">
            <div class=\\"pe-list-tile__content\\">
              <div class=\\"pe-list-tile__title\\">
                Undo
              </div>
            </div>
          </div>
        </div>
      </div>
    </div>
  </div>
  <div class=
  \\"pe-menu pe-menu--permanent pe-menu--floating pe-menu--width-3\\">
    <div class=\\"pe-menu__content\\">
      <div class=\\"pe-shadow pe-shadow--animated\\">
        <div class=\\"pe-shadow__bottom pe-shadow--z-1\\"></div>
        <div class=\\"pe-shadow__top pe-shadow--z-1\\"></div>
      </div>
      <div class=
      \\"pe-list pe-list--header pe-list--compact pe-list--padding\\">
        <div class=
        \\"pe-list-tile pe-list-tile--header pe-list-tile--header\\">
          <div class=\\"pe-list-tile__primary\\" style=\\"\\">
            <div class=\\"pe-list-tile__content\\">
              <div class=\\"pe-list-tile__title\\">
                3
              </div>
            </div>
          </div>
        </div>
        <div class=\\"pe-list-tile\\" tabindex=\\"0\\">
          <div class=\\"pe-list-tile__primary\\" style=\\"\\">
            <div class=\\"pe-list-tile__content\\">
              <div class=\\"pe-list-tile__title\\">
                Home
              </div>
            </div>
          </div>
        </div>
        <div class=\\"pe-list-tile\\" tabindex=\\"0\\">
          <div class=\\"pe-list-tile__primary\\" style=\\"\\">
            <div class=\\"pe-list-tile__content\\">
              <div class=\\"pe-list-tile__title\\">
                Back
              </div>
            </div>
          </div>
        </div>
        <div class=\\"pe-list-tile\\" tabindex=\\"0\\">
          <div class=\\"pe-list-tile__primary\\" style=\\"\\">
            <div class=\\"pe-list-tile__content\\">
              <div class=\\"pe-list-tile__title\\">
                Recently viewed
              </div>
            </div>
          </div>
        </div>
      </div>
    </div>
  </div>
  <div class=
  \\"pe-menu pe-menu--permanent pe-menu--floating pe-menu--width-4\\">
    <div class=\\"pe-menu__content\\">
      <div class=\\"pe-shadow pe-shadow--animated\\">
        <div class=\\"pe-shadow__bottom pe-shadow--z-1\\"></div>
        <div class=\\"pe-shadow__top pe-shadow--z-1\\"></div>
      </div>
      <div class=
      \\"pe-list pe-list--header pe-list--compact pe-list--padding\\">
        <div class=
        \\"pe-list-tile pe-list-tile--header pe-list-tile--header\\">
          <div class=\\"pe-list-tile__primary\\" style=\\"\\">
            <div class=\\"pe-list-tile__content\\">
              <div class=\\"pe-list-tile__title\\">
                4
              </div>
            </div>
          </div>
        </div>
        <div class=\\"pe-list-tile\\" tabindex=\\"0\\">
          <div class=\\"pe-list-tile__primary\\" style=\\"\\">
            <div class=\\"pe-list-tile__content\\">
              <div class=\\"pe-list-tile__title\\">
                Paragraph styles
              </div>
            </div>
          </div>
        </div>
        <div class=\\"pe-list-tile\\" tabindex=\\"0\\">
          <div class=\\"pe-list-tile__primary\\" style=\\"\\">
            <div class=\\"pe-list-tile__content\\">
              <div class=\\"pe-list-tile__title\\">
                Line spacing
              </div>
            </div>
          </div>
        </div>
        <div class=\\"pe-list-tile\\" tabindex=\\"0\\">
          <div class=\\"pe-list-tile__primary\\" style=\\"\\">
            <div class=\\"pe-list-tile__content\\">
              <div class=\\"pe-list-tile__title\\">
                Numbered list
              </div>
            </div>
          </div>
        </div>
      </div>
    </div>
  </div>
  <div class=
  \\"pe-menu pe-menu--permanent pe-menu--floating pe-menu--width-5\\">
    <div class=\\"pe-menu__content\\">
      <div class=\\"pe-shadow pe-shadow--animated\\">
        <div class=\\"pe-shadow__bottom pe-shadow--z-1\\"></div>
        <div class=\\"pe-shadow__top pe-shadow--z-1\\"></div>
      </div>
      <div class=
      \\"pe-list pe-list--header pe-list--compact pe-list--padding\\">
        <div class=
        \\"pe-list-tile pe-list-tile--header pe-list-tile--header\\">
          <div class=\\"pe-list-tile__primary\\" style=\\"\\">
            <div class=\\"pe-list-tile__content\\">
              <div class=\\"pe-list-tile__title\\">
                5
              </div>
            </div>
          </div>
        </div>
        <div class=\\"pe-list-tile\\" tabindex=\\"0\\">
          <div class=\\"pe-list-tile__primary\\" style=\\"\\">
            <div class=\\"pe-list-tile__content\\">
              <div class=\\"pe-list-tile__title\\">
                Add space before paragraph
              </div>
            </div>
          </div>
        </div>
        <div class=\\"pe-list-tile\\" tabindex=\\"0\\">
          <div class=\\"pe-list-tile__primary\\" style=\\"\\">
            <div class=\\"pe-list-tile__content\\">
              <div class=\\"pe-list-tile__title\\">
                Add space after paragraph
              </div>
            </div>
          </div>
        </div>
        <div class=\\"pe-list-tile\\" tabindex=\\"0\\">
          <div class=\\"pe-list-tile__primary\\" style=\\"\\">
            <div class=\\"pe-list-tile__content\\">
              <div class=\\"pe-list-tile__title\\">
                Custom spacing
              </div>
            </div>
          </div>
        </div>
      </div>
    </div>
  </div>
  <div class=
  \\"pe-menu pe-menu--permanent pe-menu--floating pe-menu--width-6\\">
    <div class=\\"pe-menu__content\\">
      <div class=\\"pe-shadow pe-shadow--animated\\">
        <div class=\\"pe-shadow__bottom pe-shadow--z-1\\"></div>
        <div class=\\"pe-shadow__top pe-shadow--z-1\\"></div>
      </div>
      <div class=
      \\"pe-list pe-list--header pe-list--compact pe-list--padding\\">
        <div class=
        \\"pe-list-tile pe-list-tile--header pe-list-tile--header\\">
          <div class=\\"pe-list-tile__primary\\" style=\\"\\">
            <div class=\\"pe-list-tile__content\\">
              <div class=\\"pe-list-tile__title\\">
                6
              </div>
            </div>
          </div>
        </div>
        <div class=\\"pe-list-tile\\" tabindex=\\"0\\">
          <div class=\\"pe-list-tile__primary\\" style=\\"\\">
            <div class=\\"pe-list-tile__content\\">
              <div class=\\"pe-list-tile__title\\">
                The Mind Is Its Own Beautiful Prisoner
              </div>
            </div>
          </div>
        </div>
        <div class=\\"pe-list-tile\\" tabindex=\\"0\\">
          <div class=\\"pe-list-tile__primary\\" style=\\"\\">
            <div class=\\"pe-list-tile__content\\">
              <div class=\\"pe-list-tile__title\\">
                If I Should Sleep With A Lady Called Death
              </div>
            </div>
          </div>
        </div>
        <div class=\\"pe-list-tile\\" tabindex=\\"0\\">
          <div class=\\"pe-list-tile__primary\\" style=\\"\\">
            <div class=\\"pe-list-tile__content\\">
              <div class=\\"pe-list-tile__title\\">
                It May Not Always Be So; And I Say
              </div>
            </div>
          </div>
        </div>
      </div>
    </div>
  </div>
  <div class=
  \\"pe-menu pe-menu--permanent pe-menu--floating pe-menu--width-7\\">
    <div class=\\"pe-menu__content\\">
      <div class=\\"pe-shadow pe-shadow--animated\\">
        <div class=\\"pe-shadow__bottom pe-shadow--z-1\\"></div>
        <div class=\\"pe-shadow__top pe-shadow--z-1\\"></div>
      </div>
      <div class=
      \\"pe-list pe-list--header pe-list--compact pe-list--padding\\">
        <div class=
        \\"pe-list-tile pe-list-tile--header pe-list-tile--header\\">
          <div class=\\"pe-list-tile__primary\\" style=\\"\\">
            <div class=\\"pe-list-tile__content\\">
              <div class=\\"pe-list-tile__title\\">
                7
              </div>
            </div>
          </div>
        </div>
        <div class=\\"pe-list-tile\\" tabindex=\\"0\\">
          <div class=\\"pe-list-tile__primary\\" style=\\"\\">
            <div class=\\"pe-list-tile__content\\">
              <div class=\\"pe-list-tile__title\\">
                Any bar, any cross, any impediment will be
              </div>
            </div>
          </div>
        </div>
        <div class=\\"pe-list-tile\\" tabindex=\\"0\\">
          <div class=\\"pe-list-tile__primary\\" style=\\"\\">
            <div class=\\"pe-list-tile__content\\">
              <div class=\\"pe-list-tile__title\\">
                medicinable to me: I am sick in displeasure to him
              </div>
            </div>
          </div>
        </div>
        <div class=\\"pe-list-tile\\" tabindex=\\"0\\">
          <div class=\\"pe-list-tile__primary\\" style=\\"\\">
            <div class=\\"pe-list-tile__content\\">
              <div class=\\"pe-list-tile__title\\">
                and whatsoever comes athwart his affection ranges
              </div>
            </div>
          </div>
        </div>
        <div class=\\"pe-list-tile\\" tabindex=\\"0\\">
          <div class=\\"pe-list-tile__primary\\" style=\\"\\">
            <div class=\\"pe-list-tile__content\\">
              <div class=\\"pe-list-tile__title\\">
                evenly with mine. How canst thou cross this
                marriage?
              </div>
            </div>
          </div>
        </div>
      </div>
    </div>
  </div>
  <div class=
  \\"pe-menu pe-menu--permanent pe-menu--floating pe-menu--width-auto\\">
  <div class=\\"pe-menu__content\\">
      <div class=\\"pe-shadow pe-shadow--animated\\">
        <div class=\\"pe-shadow__bottom pe-shadow--z-1\\"></div>
        <div class=\\"pe-shadow__top pe-shadow--z-1\\"></div>
      </div>
      <div class=
      \\"pe-list pe-list--header pe-list--compact pe-list--padding\\">
        <div class=
        \\"pe-list-tile pe-list-tile--header pe-list-tile--header\\">
          <div class=\\"pe-list-tile__primary\\" style=\\"\\">
            <div class=\\"pe-list-tile__content\\">
              <div class=\\"pe-list-tile__title\\">
                auto
              </div>
            </div>
          </div>
        </div>
        <div class=\\"pe-list-tile\\" tabindex=\\"0\\">
          <div class=\\"pe-list-tile__primary\\" style=\\"\\">
            <div class=\\"pe-list-tile__content\\">
              <div class=\\"pe-list-tile__title\\">
                Paragraph styles
              </div>
            </div>
          </div>
        </div>
        <div class=\\"pe-list-tile\\" tabindex=\\"0\\">
          <div class=\\"pe-list-tile__primary\\" style=\\"\\">
            <div class=\\"pe-list-tile__content\\">
              <div class=\\"pe-list-tile__title\\">
                Line spacing
              </div>
            </div>
          </div>
        </div>
        <div class=\\"pe-list-tile\\" tabindex=\\"0\\">
          <div class=\\"pe-list-tile__primary\\" style=\\"\\">
            <div class=\\"pe-list-tile__content\\">
              <div class=\\"pe-list-tile__title\\">
                Numbered list
              </div>
            </div>
          </div>
        </div>
      </div>
    </div>
  </div>
</div>
"
`;

exports[`Option: style 1`] = `
"<div style=
\\"background-color: rgb(33, 150, 243); color: rgb(255, 255, 255);\\"
class=\\"pe-menu pe-menu--permanent pe-menu--floating pe-dark-tone\\">
  <div class=\\"pe-menu__content\\" style=
  \\"background-color: rgb(33, 150, 243); color: rgb(255, 255, 255);\\">
  <div class=\\"pe-shadow pe-shadow--animated\\">
      <div class=\\"pe-shadow__bottom pe-shadow--z-1\\"></div>
      <div class=\\"pe-shadow__top pe-shadow--z-1\\"></div>
    </div>
    <div class=\\"pe-list pe-list--padding\\">
      <div style=
      \\"background-color: rgb(33, 150, 243); color: rgb(255, 255, 255);\\"
      class=\\"pe-list-tile\\" tabindex=\\"0\\">
        <div class=\\"pe-ripple\\"></div>
        <div style=\\"\\" class=\\"pe-list-tile__primary\\">
          <div class=\\"pe-list-tile__content\\" style=
          \\"background-color: rgb(33, 150, 243); color: rgb(255, 255, 255);\\">
          <div class=\\"pe-list-tile__title\\">
              Yes
            </div>
          </div>
        </div>
      </div>
      <div style=
      \\"background-color: rgb(33, 150, 243); color: rgb(255, 255, 255);\\"
      class=\\"pe-list-tile\\" tabindex=\\"0\\">
        <div class=\\"pe-ripple\\"></div>
        <div style=\\"\\" class=\\"pe-list-tile__primary\\">
          <div class=\\"pe-list-tile__content\\" style=
          \\"background-color: rgb(33, 150, 243); color: rgb(255, 255, 255);\\">
          <div class=\\"pe-list-tile__title\\">
              No
            </div>
          </div>
        </div>
      </div>
    </div>
  </div>
</div>
"
`;

exports[`Themed (color and border radius) 1`] = `
"<div class=
\\"pe-menu pe-menu--permanent pe-menu--floating pe-dark-tone menu-tests-blue-menu\\">
<div class=\\"pe-menu__content\\">
    <div class=\\"pe-shadow pe-shadow--animated\\">
      <div class=\\"pe-shadow__bottom pe-shadow--z-1\\"></div>
      <div class=\\"pe-shadow__top pe-shadow--z-1\\"></div>
    </div>
    <div class=\\"pe-list pe-list--padding\\">
      <div class=
      \\"pe-list-tile pe-list-tile--hoverable menu-tests-blue-menu-list-tile\\"
      tabindex=\\"0\\">
        <div class=\\"pe-ripple\\"></div>
        <div class=\\"pe-list-tile__primary\\" style=\\"\\">
          <div class=\\"pe-list-tile__content\\">
            <div class=\\"pe-list-tile__title\\">
              Yes
            </div>
          </div>
        </div>
      </div>
      <div class=
      \\"pe-list-tile pe-list-tile--hoverable menu-tests-blue-menu-list-tile\\"
      tabindex=\\"0\\">
        <div class=\\"pe-ripple\\"></div>
        <div class=\\"pe-list-tile__primary\\" style=\\"\\">
          <div class=\\"pe-list-tile__content\\">
            <div class=\\"pe-list-tile__title\\">
              No
            </div>
          </div>
        </div>
      </div>
    </div>
  </div>
</div>
"
`;
