// Jest Snapshot v1, https://goo.gl/fbAQLP

exports[`Dark tone class + light tone 1`] = `
<div
  style={
    Object {
      "background": "#fff",
      "padding": "20px",
    }
  }
>
  <Switch
    label="Label"
    tone="light"
  />
</div>
`;

exports[`Dark tone class + light tone class 1`] = `
<div
  className="pe-light-tone"
  style={
    Object {
      "background": "#fff",
      "padding": "20px",
    }
  }
>
  <Switch
    label="Label"
  />
</div>
`;

exports[`No options 1`] = `
<SelectionControl
  instanceClass="pe-switch-control"
  selectable={[Function]}
  type="checkbox"
/>
`;

exports[`No options 2`] = `
<SelectionControl
  instanceClass="pe-switch-control"
  selectable={[Function]}
  type="checkbox"
/>
`;

exports[`Option: checked 1`] = `
<SelectionControl
  defaultChecked={true}
  instanceClass="pe-switch-control"
  selectable={[Function]}
  type="checkbox"
/>
`;

exports[`Option: class 1`] = `
<SelectionControl
  className="class-x"
  instanceClass="pe-switch-control"
  selectable={[Function]}
  type="checkbox"
/>
`;

exports[`Option: className 1`] = `
<SelectionControl
  className="className-x"
  instanceClass="pe-switch-control"
  selectable={[Function]}
  type="checkbox"
/>
`;

exports[`Option: defaultChecked (JSX) 1`] = `
<Switch
  defaultChecked={true}
  label="Label"
/>
`;

exports[`Option: defaultChecked -- dark tone class 1`] = `
<SelectionControl
  defaultChecked={true}
  instanceClass="pe-switch-control"
  label="Label"
  selectable={[Function]}
  type="checkbox"
/>
`;

exports[`Option: disabled -- dark tone class 1`] = `
<div
  className="multiple"
>
  <Switch
    disabled={true}
    label="Off"
  />
  <Switch
    defaultChecked={true}
    disabled={true}
    label="On"
  />
</div>
`;

exports[`Option: disabled 1`] = `
<div
  className="multiple"
>
  <Switch
    disabled={true}
    label="Off"
  />
  <Switch
    checked={true}
    disabled={true}
    label="On"
  />
</div>
`;

exports[`Option: element 1`] = `
<SelectionControl
  element="a"
  instanceClass="pe-switch-control"
  selectable={[Function]}
  type="checkbox"
/>
`;

exports[`Option: icon 1`] = `
<div
  className="multiple"
>
  <Switch
    className="tests-switch-themed-icon"
    icon={
      <Icon
        svg={
          Object {
            "content": <div
              dangerouslySetInnerHTML={
                Object {
                  "__html": "<svg width=\\"24\\" height=\\"24\\" viewBox=\\"0 0 24.00 24.00\\" enable-background=\\"new 0 0 24.00 24.00\\" xml:space=\\"preserve\\"><path fill=\\"#000000\\" fill-opacity=\\"1\\" stroke-width=\\"1.33333\\" stroke-linejoin=\\"miter\\" d=\\"M 12,2C 6.47715,2 2,6.4772 2,12C 2,17.5228 6.47715,22 12,22C 17.5228,22 22,17.5228 22,12C 22,6.4772 17.5228,2 12,2 Z M 12,4C 16.4183,4 20,7.5817 20,12C 20,16.4183 16.4183,20 12,20C 7.58172,20 4,16.4183 4,12C 4,7.5817 7.58172,4 12,4 Z M 12,6C 8.68629,6 6,8.6863 6,12C 6,15.3137 8.68629,18 12,18C 15.3137,18 18,15.3137 18,12C 18,8.6863 15.3137,6 12,6 Z M 12,8C 14.2091,8 16,9.7909 16,12C 16,14.2091 14.2091,16 12,16C 9.79086,16 8,14.2091 8,12C 8,9.7909 9.79086,8 12,8 Z M 12,10C 10.8954,10 10,10.8954 10,12C 10,13.1046 10.8954,14 12,14C 13.1046,14 14,13.1046 14,12C 14,10.8954 13.1046,10 12,10 Z \\"/></svg>",
                }
              }
            />,
          }
        }
      />
    }
    label="small"
    size="small"
  />
  <Switch
    className="tests-switch-themed-icon"
    icon={
      <Icon
        svg={
          Object {
            "content": <div
              dangerouslySetInnerHTML={
                Object {
                  "__html": "<svg width=\\"24\\" height=\\"24\\" viewBox=\\"0 0 24.00 24.00\\" enable-background=\\"new 0 0 24.00 24.00\\" xml:space=\\"preserve\\"><path fill=\\"#000000\\" fill-opacity=\\"1\\" stroke-width=\\"1.33333\\" stroke-linejoin=\\"miter\\" d=\\"M 12,2C 6.47715,2 2,6.4772 2,12C 2,17.5228 6.47715,22 12,22C 17.5228,22 22,17.5228 22,12C 22,6.4772 17.5228,2 12,2 Z M 12,4C 16.4183,4 20,7.5817 20,12C 20,16.4183 16.4183,20 12,20C 7.58172,20 4,16.4183 4,12C 4,7.5817 7.58172,4 12,4 Z M 12,6C 8.68629,6 6,8.6863 6,12C 6,15.3137 8.68629,18 12,18C 15.3137,18 18,15.3137 18,12C 18,8.6863 15.3137,6 12,6 Z M 12,8C 14.2091,8 16,9.7909 16,12C 16,14.2091 14.2091,16 12,16C 9.79086,16 8,14.2091 8,12C 8,9.7909 9.79086,8 12,8 Z M 12,10C 10.8954,10 10,10.8954 10,12C 10,13.1046 10.8954,14 12,14C 13.1046,14 14,13.1046 14,12C 14,10.8954 13.1046,10 12,10 Z \\"/></svg>",
                }
              }
            />,
          }
        }
      />
    }
    label="regular"
    size="regular"
  />
  <Switch
    className="tests-switch-themed-icon"
    icon={
      <Icon
        svg={
          Object {
            "content": <div
              dangerouslySetInnerHTML={
                Object {
                  "__html": "<svg width=\\"24\\" height=\\"24\\" viewBox=\\"0 0 24.00 24.00\\" enable-background=\\"new 0 0 24.00 24.00\\" xml:space=\\"preserve\\"><path fill=\\"#000000\\" fill-opacity=\\"1\\" stroke-width=\\"1.33333\\" stroke-linejoin=\\"miter\\" d=\\"M 12,2C 6.47715,2 2,6.4772 2,12C 2,17.5228 6.47715,22 12,22C 17.5228,22 22,17.5228 22,12C 22,6.4772 17.5228,2 12,2 Z M 12,4C 16.4183,4 20,7.5817 20,12C 20,16.4183 16.4183,20 12,20C 7.58172,20 4,16.4183 4,12C 4,7.5817 7.58172,4 12,4 Z M 12,6C 8.68629,6 6,8.6863 6,12C 6,15.3137 8.68629,18 12,18C 15.3137,18 18,15.3137 18,12C 18,8.6863 15.3137,6 12,6 Z M 12,8C 14.2091,8 16,9.7909 16,12C 16,14.2091 14.2091,16 12,16C 9.79086,16 8,14.2091 8,12C 8,9.7909 9.79086,8 12,8 Z M 12,10C 10.8954,10 10,10.8954 10,12C 10,13.1046 10.8954,14 12,14C 13.1046,14 14,13.1046 14,12C 14,10.8954 13.1046,10 12,10 Z \\"/></svg>",
                }
              }
            />,
          }
        }
      />
    }
    label="medium"
    size="medium"
  />
  <Switch
    className="tests-switch-themed-icon"
    icon={
      <Icon
        svg={
          Object {
            "content": <div
              dangerouslySetInnerHTML={
                Object {
                  "__html": "<svg width=\\"24\\" height=\\"24\\" viewBox=\\"0 0 24.00 24.00\\" enable-background=\\"new 0 0 24.00 24.00\\" xml:space=\\"preserve\\"><path fill=\\"#000000\\" fill-opacity=\\"1\\" stroke-width=\\"1.33333\\" stroke-linejoin=\\"miter\\" d=\\"M 12,2C 6.47715,2 2,6.4772 2,12C 2,17.5228 6.47715,22 12,22C 17.5228,22 22,17.5228 22,12C 22,6.4772 17.5228,2 12,2 Z M 12,4C 16.4183,4 20,7.5817 20,12C 20,16.4183 16.4183,20 12,20C 7.58172,20 4,16.4183 4,12C 4,7.5817 7.58172,4 12,4 Z M 12,6C 8.68629,6 6,8.6863 6,12C 6,15.3137 8.68629,18 12,18C 15.3137,18 18,15.3137 18,12C 18,8.6863 15.3137,6 12,6 Z M 12,8C 14.2091,8 16,9.7909 16,12C 16,14.2091 14.2091,16 12,16C 9.79086,16 8,14.2091 8,12C 8,9.7909 9.79086,8 12,8 Z M 12,10C 10.8954,10 10,10.8954 10,12C 10,13.1046 10.8954,14 12,14C 13.1046,14 14,13.1046 14,12C 14,10.8954 13.1046,10 12,10 Z \\"/></svg>",
                }
              }
            />,
          }
        }
      />
    }
    label="large"
    size="large"
  />
</div>
`;

exports[`Option: iconButton (custom hover behaviour) 1`] = `
<SelectionControl
  iconButton={
    Object {
      "ink": false,
      "wash": true,
    }
  }
  instanceClass="pe-switch-control"
  selectable={[Function]}
  type="checkbox"
/>
`;

exports[`Option: id 1`] = `
<SelectionControl
  id="id-x"
  instanceClass="pe-switch-control"
  selectable={[Function]}
  type="checkbox"
/>
`;

exports[`Option: label (RTL) 1`] = `
<div
  className="pe-rtl"
>
  <Switch
    label="ضع الكلمة المناسبة"
  />
</div>
`;

exports[`Option: label 1`] = `
<SelectionControl
  instanceClass="pe-switch-control"
  label="Label"
  selectable={[Function]}
  type="checkbox"
/>
`;

exports[`Option: selectable 1`] = `
<div
  className="multiple"
>
  <Switch
    label="Never"
    selectable={[Function]}
  />
  <Switch
    label="Only when unchecked"
    selectable={[Function]}
  />
</div>
`;

exports[`Option: size (RTL) 1`] = `
<div
  className="pe-rtl"
>
  <div
    className="multiple"
  >
    <Switch
      label="small"
      size="small"
    />
    <Switch
      label="regular"
      size="regular"
    />
    <Switch
      label="medium"
      size="medium"
    />
    <Switch
      label="large"
      size="large"
    />
  </div>
</div>
`;

exports[`Option: size 1`] = `
<div
  className="multiple"
>
  <Switch
    label="small"
    size="small"
  />
  <Switch
    label="regular"
    size="regular"
  />
  <Switch
    label="medium"
    size="medium"
  />
  <Switch
    label="large"
    size="large"
  />
</div>
`;

exports[`Option: style (colors) 1`] = `
<SelectionControl
  instanceClass="pe-switch-control"
  label="Label"
  selectable={[Function]}
  style={
    Object {
      "color": "#EF6C00",
    }
  }
  type="checkbox"
/>
`;

exports[`Option: tabindex 1`] = `
<SelectionControl
  instanceClass="pe-switch-control"
  selectable={[Function]}
  tabIndex={3}
  type="checkbox"
/>
`;

exports[`Option: value 1`] = `
<SelectionControl
  instanceClass="pe-switch-control"
  name="worth"
  selectable={[Function]}
  type="checkbox"
  value="notable"
/>
`;

exports[`Option: zOff (0), zOn (2) 1`] = `
<SelectionControl
  instanceClass="pe-switch-control"
  selectable={[Function]}
  type="checkbox"
  zOff={0}
  zOn={2}
/>
`;

exports[`Themed Switch (color and font size) 1`] = `
<SelectionControl
  className="tests-switch-themed-switch"
  instanceClass="pe-switch-control"
  label="Label"
  selectable={[Function]}
  type="checkbox"
/>
`;

exports[`Themed Switch (colors) -- dark tone class 1`] = `
<SelectionControl
  className="tests-switch-themed-switch"
  instanceClass="pe-switch-control"
  label="Label"
  selectable={[Function]}
  type="checkbox"
/>
`;
