// Jest Snapshot v1, https://goo.gl/fbAQLP

exports[`No options 1`] = `
"<div class=\\"pe-ripple\\"></div>
"
`;

exports[`No options 2`] = `
"<div class=\\"pe-ripple\\"></div>
"
`;

exports[`Option: class 1`] = `
"<div class=\\"pe-ripple class-x\\"></div>
"
`;

exports[`Option: className 1`] = `
"<div class=\\"pe-ripple className-x\\"></div>
"
`;

exports[`Option: element 1`] = `
"<a class=\\"pe-ripple\\"></a>
"
`;

exports[`Option: id 1`] = `
"<div id=\\"id-x\\" class=\\"pe-ripple\\"></div>
"
`;
