// Jest Snapshot v1, https://goo.gl/fbAQLP

exports[`Child node 1`] = `
"<a class=\\"pe-fab\\" tabindex=\\"0\\">
<div class=\\"pe-button__content\\">
  <div class=\\"pe-shadow pe-shadow--animated\\">
    <div class=\\"pe-shadow__bottom pe-shadow--z-1\\"></div>
    <div class=\\"pe-shadow__top pe-shadow--z-1\\"></div>
  </div>
  <div class=\\"pe-ripple\\"></div>
  <div class=\\"pe-button__wash\\"></div>
  <div class=\\"pe-button__focus\\"></div>
  <div class=\\"pe-fab__content\\">
    <div class=\\"pe-icon pe-icon--regular\\">
      <div class=\\"pe-svg\\">
        <svg width=\\"24\\" height=\\"24\\" viewbox=\\"0 0 24 24\\" focusable=
        \\"false\\">
          <path d=
          \\"M22 5.72l-4.6-3.86-1.29 1.53 4.6 3.86L22 5.72zM7.88 3.39L6.6 1.86 2 5.71l1.29 1.53 4.59-3.85zM12.5 8H11v6l4.75 2.85.75-1.23-4-2.37V8zM12 4c-4.97 0-9 4.03-9 9s4.02 9 9 9c4.97 0 9-4.03 9-9s-4.03-9-9-9zm0 16c-3.87 0-7-3.13-7-7s3.13-7 7-7 7 3.13 7 7-3.13 7-7 7z\\">
          </path>
        </svg>
      </div>
    </div>
  </div>
</div></a>
"
`;

exports[`Dark tone class + light tone 1`] = `
"<div style=\\"background: rgb(255, 255, 255); padding: 8px 4px;\\"
class=\\"pe-button-row\\">
  <a class=\\"pe-fab\\" tabindex=\\"0\\">
  <div class=\\"pe-button__content\\">
    <div class=\\"pe-shadow pe-shadow--animated\\">
      <div class=\\"pe-shadow__bottom pe-shadow--z-1\\"></div>
      <div class=\\"pe-shadow__top pe-shadow--z-1\\"></div>
    </div>
    <div class=\\"pe-ripple\\"></div>
    <div class=\\"pe-button__wash\\"></div>
    <div class=\\"pe-button__focus\\"></div>
    <div class=\\"pe-fab__content\\">
      <div class=\\"pe-icon pe-icon--regular\\">
        <div class=\\"pe-svg\\">
          <svg width=\\"24\\" height=\\"24\\" viewbox=\\"0 0 24 24\\"
          focusable=\\"false\\">
            <path d=
            \\"M7.88 3.39L6.6 1.86 2 5.71l1.29 1.53 4.59-3.85zM22 5.72l-4.6-3.86-1.29 1.53 4.6 3.86L22 5.72zM12 4c-4.97 0-9 4.03-9 9s4.02 9 9 9c4.97 0 9-4.03 9-9s-4.03-9-9-9zm0 16c-3.87 0-7-3.13-7-7s3.13-7 7-7 7 3.13 7 7-3.13 7-7 7zm1-11h-2v3H8v2h3v3h2v-3h3v-2h-3V9z\\">
            </path>
          </svg>
        </div>
      </div>
    </div>
  </div></a><a class=
  \\"pe-fab tests-fab-themed-fab tests-fab-themed-fab\\" tabindex=\\"0\\">
  <div class=\\"pe-button__content\\">
    <div class=\\"pe-shadow pe-shadow--animated\\">
      <div class=\\"pe-shadow__bottom pe-shadow--z-1\\"></div>
      <div class=\\"pe-shadow__top pe-shadow--z-1\\"></div>
    </div>
    <div class=\\"pe-ripple\\"></div>
    <div class=\\"pe-button__wash\\"></div>
    <div class=\\"pe-button__focus\\"></div>
    <div class=\\"pe-fab__content\\">
      <div class=\\"pe-icon pe-icon--regular\\">
        <div class=\\"pe-svg\\">
          <svg width=\\"24\\" height=\\"24\\" viewbox=\\"0 0 24 24\\"
          focusable=\\"false\\">
            <path d=
            \\"M7.88 3.39L6.6 1.86 2 5.71l1.29 1.53 4.59-3.85zM22 5.72l-4.6-3.86-1.29 1.53 4.6 3.86L22 5.72zM12 4c-4.97 0-9 4.03-9 9s4.02 9 9 9c4.97 0 9-4.03 9-9s-4.03-9-9-9zm0 16c-3.87 0-7-3.13-7-7s3.13-7 7-7 7 3.13 7 7-3.13 7-7 7zm1-11h-2v3H8v2h3v3h2v-3h3v-2h-3V9z\\">
            </path>
          </svg>
        </div>
      </div>
    </div>
  </div></a>
</div>
"
`;

exports[`Dark tone class + light tone class 1`] = `
"<div style=\\"background: rgb(255, 255, 255); padding: 8px 4px;\\"
class=\\"pe-button-row pe-light-tone\\">
  <a class=\\"pe-fab\\" tabindex=\\"0\\">
  <div class=\\"pe-button__content\\">
    <div class=\\"pe-shadow pe-shadow--animated\\">
      <div class=\\"pe-shadow__bottom pe-shadow--z-1\\"></div>
      <div class=\\"pe-shadow__top pe-shadow--z-1\\"></div>
    </div>
    <div class=\\"pe-ripple\\"></div>
    <div class=\\"pe-button__wash\\"></div>
    <div class=\\"pe-button__focus\\"></div>
    <div class=\\"pe-fab__content\\">
      <div class=\\"pe-icon pe-icon--regular\\">
        <div class=\\"pe-svg\\">
          <svg width=\\"24\\" height=\\"24\\" viewbox=\\"0 0 24 24\\"
          focusable=\\"false\\">
            <path d=
            \\"M7.88 3.39L6.6 1.86 2 5.71l1.29 1.53 4.59-3.85zM22 5.72l-4.6-3.86-1.29 1.53 4.6 3.86L22 5.72zM12 4c-4.97 0-9 4.03-9 9s4.02 9 9 9c4.97 0 9-4.03 9-9s-4.03-9-9-9zm0 16c-3.87 0-7-3.13-7-7s3.13-7 7-7 7 3.13 7 7-3.13 7-7 7zm1-11h-2v3H8v2h3v3h2v-3h3v-2h-3V9z\\">
            </path>
          </svg>
        </div>
      </div>
    </div>
  </div></a><a class=
  \\"pe-fab tests-fab-themed-fab tests-fab-themed-fab\\" tabindex=\\"0\\">
  <div class=\\"pe-button__content\\">
    <div class=\\"pe-shadow pe-shadow--animated\\">
      <div class=\\"pe-shadow__bottom pe-shadow--z-1\\"></div>
      <div class=\\"pe-shadow__top pe-shadow--z-1\\"></div>
    </div>
    <div class=\\"pe-ripple\\"></div>
    <div class=\\"pe-button__wash\\"></div>
    <div class=\\"pe-button__focus\\"></div>
    <div class=\\"pe-fab__content\\">
      <div class=\\"pe-icon pe-icon--regular\\">
        <div class=\\"pe-svg\\">
          <svg width=\\"24\\" height=\\"24\\" viewbox=\\"0 0 24 24\\"
          focusable=\\"false\\">
            <path d=
            \\"M7.88 3.39L6.6 1.86 2 5.71l1.29 1.53 4.59-3.85zM22 5.72l-4.6-3.86-1.29 1.53 4.6 3.86L22 5.72zM12 4c-4.97 0-9 4.03-9 9s4.02 9 9 9c4.97 0 9-4.03 9-9s-4.03-9-9-9zm0 16c-3.87 0-7-3.13-7-7s3.13-7 7-7 7 3.13 7 7-3.13 7-7 7zm1-11h-2v3H8v2h3v3h2v-3h3v-2h-3V9z\\">
            </path>
          </svg>
        </div>
      </div>
    </div>
  </div></a>
</div>
"
`;

exports[`No options 1`] = `
"<a class=\\"pe-fab\\" tabindex=\\"0\\">
<div class=\\"pe-button__content\\">
  <div class=\\"pe-shadow pe-shadow--animated\\">
    <div class=\\"pe-shadow__bottom pe-shadow--z-1\\"></div>
    <div class=\\"pe-shadow__top pe-shadow--z-1\\"></div>
  </div>
  <div class=\\"pe-ripple\\"></div>
  <div class=\\"pe-button__wash\\"></div>
  <div class=\\"pe-button__focus\\"></div>
  <div class=\\"pe-fab__content\\"></div>
</div></a>
"
`;

exports[`Option: class 1`] = `
"<a class=\\"pe-fab class-x class-x\\" tabindex=\\"0\\">
<div class=\\"pe-button__content\\">
  <div class=\\"pe-shadow pe-shadow--animated\\">
    <div class=\\"pe-shadow__bottom pe-shadow--z-1\\"></div>
    <div class=\\"pe-shadow__top pe-shadow--z-1\\"></div>
  </div>
  <div class=\\"pe-ripple\\"></div>
  <div class=\\"pe-button__wash\\"></div>
  <div class=\\"pe-button__focus\\"></div>
  <div class=\\"pe-fab__content\\"></div>
</div></a>
"
`;

exports[`Option: className 1`] = `
"<a class=\\"pe-fab className-x className-x\\" tabindex=\\"0\\">
<div class=\\"pe-button__content\\">
  <div class=\\"pe-shadow pe-shadow--animated\\">
    <div class=\\"pe-shadow__bottom pe-shadow--z-1\\"></div>
    <div class=\\"pe-shadow__top pe-shadow--z-1\\"></div>
  </div>
  <div class=\\"pe-ripple\\"></div>
  <div class=\\"pe-button__wash\\"></div>
  <div class=\\"pe-button__focus\\"></div>
  <div class=\\"pe-fab__content\\"></div>
</div></a>
"
`;

exports[`Option: content 1`] = `
"<a class=\\"pe-fab\\" tabindex=\\"0\\">
<div class=\\"pe-button__content\\">
  <div class=\\"pe-shadow pe-shadow--animated\\">
    <div class=\\"pe-shadow__bottom pe-shadow--z-1\\"></div>
    <div class=\\"pe-shadow__top pe-shadow--z-1\\"></div>
  </div>
  <div class=\\"pe-ripple\\"></div>
  <div class=\\"pe-button__wash\\"></div>
  <div class=\\"pe-button__focus\\"></div>
  <div class=\\"pe-icon pe-icon--regular\\">
    <div class=\\"pe-svg\\">
      <svg width=\\"24\\" height=\\"24\\" viewbox=\\"0 0 24 24\\" focusable=
      \\"false\\">
        <path d=
        \\"M22 5.72l-4.6-3.86-1.29 1.53 4.6 3.86L22 5.72zM7.88 3.39L6.6 1.86 2 5.71l1.29 1.53 4.59-3.85zM12.5 8H11v6l4.75 2.85.75-1.23-4-2.37V8zM12 4c-4.97 0-9 4.03-9 9s4.02 9 9 9c4.97 0 9-4.03 9-9s-4.03-9-9-9zm0 16c-3.87 0-7-3.13-7-7s3.13-7 7-7 7 3.13 7 7-3.13 7-7 7z\\">
        </path>
      </svg>
    </div>
  </div>
</div></a>
"
`;

exports[`Option: element 1`] = `
"<a class=\\"pe-fab\\" tabindex=\\"0\\">
<div class=\\"pe-button__content\\">
  <div class=\\"pe-shadow pe-shadow--animated\\">
    <div class=\\"pe-shadow__bottom pe-shadow--z-1\\"></div>
    <div class=\\"pe-shadow__top pe-shadow--z-1\\"></div>
  </div>
  <div class=\\"pe-ripple\\"></div>
  <div class=\\"pe-button__wash\\"></div>
  <div class=\\"pe-button__focus\\"></div>
  <div class=\\"pe-fab__content\\"></div>
</div></a>
"
`;

exports[`Option: icon -- dark tone class 1`] = `
"<a class=\\"pe-fab\\" tabindex=\\"0\\">
<div class=\\"pe-button__content\\">
  <div class=\\"pe-shadow pe-shadow--animated\\">
    <div class=\\"pe-shadow__bottom pe-shadow--z-1\\"></div>
    <div class=\\"pe-shadow__top pe-shadow--z-1\\"></div>
  </div>
  <div class=\\"pe-ripple\\"></div>
  <div class=\\"pe-button__wash\\"></div>
  <div class=\\"pe-button__focus\\"></div>
  <div class=\\"pe-fab__content\\">
    <div class=\\"pe-icon pe-icon--regular\\">
      <div class=\\"pe-svg\\">
        <svg width=\\"24\\" height=\\"24\\" viewbox=\\"0 0 24 24\\" focusable=
        \\"false\\">
          <path d=
          \\"M22 5.72l-4.6-3.86-1.29 1.53 4.6 3.86L22 5.72zM7.88 3.39L6.6 1.86 2 5.71l1.29 1.53 4.59-3.85zM12.5 8H11v6l4.75 2.85.75-1.23-4-2.37V8zM12 4c-4.97 0-9 4.03-9 9s4.02 9 9 9c4.97 0 9-4.03 9-9s-4.03-9-9-9zm0 16c-3.87 0-7-3.13-7-7s3.13-7 7-7 7 3.13 7 7-3.13 7-7 7z\\">
          </path>
        </svg>
      </div>
    </div>
  </div>
</div></a>
"
`;

exports[`Option: icon 1`] = `
"<a class=\\"pe-fab\\" tabindex=\\"0\\">
<div class=\\"pe-button__content\\">
  <div class=\\"pe-shadow pe-shadow--animated\\">
    <div class=\\"pe-shadow__bottom pe-shadow--z-1\\"></div>
    <div class=\\"pe-shadow__top pe-shadow--z-1\\"></div>
  </div>
  <div class=\\"pe-ripple\\"></div>
  <div class=\\"pe-button__wash\\"></div>
  <div class=\\"pe-button__focus\\"></div>
  <div class=\\"pe-fab__content\\">
    <div class=\\"pe-icon pe-icon--regular\\">
      <div class=\\"pe-svg\\">
        <svg width=\\"24\\" height=\\"24\\" viewbox=\\"0 0 24 24\\" focusable=
        \\"false\\">
          <path d=
          \\"M22 5.72l-4.6-3.86-1.29 1.53 4.6 3.86L22 5.72zM7.88 3.39L6.6 1.86 2 5.71l1.29 1.53 4.59-3.85zM12.5 8H11v6l4.75 2.85.75-1.23-4-2.37V8zM12 4c-4.97 0-9 4.03-9 9s4.02 9 9 9c4.97 0 9-4.03 9-9s-4.03-9-9-9zm0 16c-3.87 0-7-3.13-7-7s3.13-7 7-7 7 3.13 7 7-3.13 7-7 7z\\">
          </path>
        </svg>
      </div>
    </div>
  </div>
</div></a>
"
`;

exports[`Option: id 1`] = `
"<a id=\\"id-x\\" class=\\"pe-fab\\" tabindex=\\"0\\">
<div class=\\"pe-button__content\\">
  <div class=\\"pe-shadow pe-shadow--animated\\">
    <div class=\\"pe-shadow__bottom pe-shadow--z-1\\"></div>
    <div class=\\"pe-shadow__top pe-shadow--z-1\\"></div>
  </div>
  <div class=\\"pe-ripple\\"></div>
  <div class=\\"pe-button__wash\\"></div>
  <div class=\\"pe-button__focus\\"></div>
  <div class=\\"pe-fab__content\\"></div>
</div></a>
"
`;

exports[`Option: mini 1`] = `
"<a class=\\"pe-fab pe-fab--mini\\" tabindex=\\"0\\">
<div class=\\"pe-button__content\\">
  <div class=\\"pe-shadow pe-shadow--animated\\">
    <div class=\\"pe-shadow__bottom pe-shadow--z-1\\"></div>
    <div class=\\"pe-shadow__top pe-shadow--z-1\\"></div>
  </div>
  <div class=\\"pe-ripple\\"></div>
  <div class=\\"pe-button__wash\\"></div>
  <div class=\\"pe-button__focus\\"></div>
  <div class=\\"pe-fab__content\\">
    <div class=\\"pe-icon pe-icon--regular\\">
      <div class=\\"pe-svg\\">
        <svg width=\\"24\\" height=\\"24\\" viewbox=\\"0 0 24 24\\" focusable=
        \\"false\\">
          <path d=
          \\"M22 5.72l-4.6-3.86-1.29 1.53 4.6 3.86L22 5.72zM7.88 3.39L6.6 1.86 2 5.71l1.29 1.53 4.59-3.85zM12.5 8H11v6l4.75 2.85.75-1.23-4-2.37V8zM12 4c-4.97 0-9 4.03-9 9s4.02 9 9 9c4.97 0 9-4.03 9-9s-4.03-9-9-9zm0 16c-3.87 0-7-3.13-7-7s3.13-7 7-7 7 3.13 7 7-3.13 7-7 7z\\">
          </path>
        </svg>
      </div>
    </div>
  </div>
</div></a>
"
`;

exports[`Option: style (colors) 1`] = `
"<a class=\\"pe-fab\\" tabindex=\\"0\\">
<div style=
\\"color: rgb(255, 204, 188); background-color: rgb(78, 52, 46);\\"
class=\\"pe-button__content\\">
  <div class=\\"pe-shadow pe-shadow--animated\\">
    <div class=\\"pe-shadow__bottom pe-shadow--z-1\\"></div>
    <div class=\\"pe-shadow__top pe-shadow--z-1\\"></div>
  </div>
  <div class=\\"pe-ripple\\"></div>
  <div class=\\"pe-button__wash\\"></div>
  <div class=\\"pe-button__focus\\"></div>
  <div class=\\"pe-fab__content\\">
    <div class=\\"pe-icon pe-icon--regular\\">
      <div class=\\"pe-svg\\">
        <svg width=\\"24\\" height=\\"24\\" viewbox=\\"0 0 24 24\\" focusable=
        \\"false\\">
          <path d=
          \\"M22 5.72l-4.6-3.86-1.29 1.53 4.6 3.86L22 5.72zM7.88 3.39L6.6 1.86 2 5.71l1.29 1.53 4.59-3.85zM12.5 8H11v6l4.75 2.85.75-1.23-4-2.37V8zM12 4c-4.97 0-9 4.03-9 9s4.02 9 9 9c4.97 0 9-4.03 9-9s-4.03-9-9-9zm0 16c-3.87 0-7-3.13-7-7s3.13-7 7-7 7 3.13 7 7-3.13 7-7 7z\\">
          </path>
        </svg>
      </div>
    </div>
  </div>
</div></a>
"
`;

exports[`Option: tabindex 1`] = `
"<a tabindex=\\"3\\" class=\\"pe-fab\\">
<div class=\\"pe-button__content\\">
  <div class=\\"pe-shadow pe-shadow--animated\\">
    <div class=\\"pe-shadow__bottom pe-shadow--z-1\\"></div>
    <div class=\\"pe-shadow__top pe-shadow--z-1\\"></div>
  </div>
  <div class=\\"pe-ripple\\"></div>
  <div class=\\"pe-button__wash\\"></div>
  <div class=\\"pe-button__focus\\"></div>
  <div class=\\"pe-fab__content\\"></div>
</div></a>
"
`;

exports[`Option: url 1`] = `
"<a class=\\"pe-fab\\" tabindex=\\"0\\" href=\\"#!/shadow\\">
<div class=\\"pe-button__content\\">
  <div class=\\"pe-shadow pe-shadow--animated\\">
    <div class=\\"pe-shadow__bottom pe-shadow--z-1\\"></div>
    <div class=\\"pe-shadow__top pe-shadow--z-1\\"></div>
  </div>
  <div class=\\"pe-ripple\\"></div>
  <div class=\\"pe-button__wash\\"></div>
  <div class=\\"pe-button__focus\\"></div>
  <div class=\\"pe-fab__content\\">
    <div class=\\"pe-icon pe-icon--regular\\">
      <div class=\\"pe-svg\\">
        <svg width=\\"24\\" height=\\"24\\" viewbox=\\"0 0 24 24\\" focusable=
        \\"false\\">
          <path d=
          \\"M7.88 3.39L6.6 1.86 2 5.71l1.29 1.53 4.59-3.85zM22 5.72l-4.6-3.86-1.29 1.53 4.6 3.86L22 5.72zM12 4c-4.97 0-9 4.03-9 9s4.02 9 9 9c4.97 0 9-4.03 9-9s-4.03-9-9-9zm0 16c-3.87 0-7-3.13-7-7s3.13-7 7-7 7 3.13 7 7-3.13 7-7 7zm1-11h-2v3H8v2h3v3h2v-3h3v-2h-3V9z\\">
          </path>
        </svg>
      </div>
    </div>
  </div>
</div></a>
"
`;

exports[`Option: z (0) 1`] = `
"<a class=\\"pe-fab\\" tabindex=\\"0\\">
<div class=\\"pe-button__content\\">
  <div class=\\"pe-shadow pe-shadow--animated\\">
    <div class=\\"pe-shadow__bottom pe-shadow--z-0\\"></div>
    <div class=\\"pe-shadow__top pe-shadow--z-0\\"></div>
  </div>
  <div class=\\"pe-ripple\\"></div>
  <div class=\\"pe-button__wash\\"></div>
  <div class=\\"pe-button__focus\\"></div>
  <div class=\\"pe-fab__content\\">
    <div class=\\"pe-icon pe-icon--regular\\">
      <div class=\\"pe-svg\\">
        <svg width=\\"24\\" height=\\"24\\" viewbox=\\"0 0 24 24\\" focusable=
        \\"false\\">
          <path d=
          \\"M22 5.72l-4.6-3.86-1.29 1.53 4.6 3.86L22 5.72zM7.88 3.39L6.6 1.86 2 5.71l1.29 1.53 4.59-3.85zM12.5 8H11v6l4.75 2.85.75-1.23-4-2.37V8zM12 4c-4.97 0-9 4.03-9 9s4.02 9 9 9c4.97 0 9-4.03 9-9s-4.03-9-9-9zm0 16c-3.87 0-7-3.13-7-7s3.13-7 7-7 7 3.13 7 7-3.13 7-7 7z\\">
          </path>
        </svg>
      </div>
    </div>
  </div>
</div></a>
"
`;

exports[`Option: z (5) 1`] = `
"<a class=\\"pe-fab\\" tabindex=\\"0\\">
<div class=\\"pe-button__content\\">
  <div class=\\"pe-shadow pe-shadow--animated\\">
    <div class=\\"pe-shadow__bottom pe-shadow--z-5\\"></div>
    <div class=\\"pe-shadow__top pe-shadow--z-5\\"></div>
  </div>
  <div class=\\"pe-ripple\\"></div>
  <div class=\\"pe-button__wash\\"></div>
  <div class=\\"pe-button__focus\\"></div>
  <div class=\\"pe-fab__content\\">
    <div class=\\"pe-icon pe-icon--regular\\">
      <div class=\\"pe-svg\\">
        <svg width=\\"24\\" height=\\"24\\" viewbox=\\"0 0 24 24\\" focusable=
        \\"false\\">
          <path d=
          \\"M22 5.72l-4.6-3.86-1.29 1.53 4.6 3.86L22 5.72zM7.88 3.39L6.6 1.86 2 5.71l1.29 1.53 4.59-3.85zM12.5 8H11v6l4.75 2.85.75-1.23-4-2.37V8zM12 4c-4.97 0-9 4.03-9 9s4.02 9 9 9c4.97 0 9-4.03 9-9s-4.03-9-9-9zm0 16c-3.87 0-7-3.13-7-7s3.13-7 7-7 7 3.13 7 7-3.13 7-7 7z\\">
          </path>
        </svg>
      </div>
    </div>
  </div>
</div></a>
"
`;

exports[`Themed FAB (colors) 1`] = `
"<a class=\\"pe-fab tests-fab-themed-fab tests-fab-themed-fab\\"
tabindex=\\"0\\">
<div class=\\"pe-button__content\\">
  <div class=\\"pe-shadow pe-shadow--animated\\">
    <div class=\\"pe-shadow__bottom pe-shadow--z-1\\"></div>
    <div class=\\"pe-shadow__top pe-shadow--z-1\\"></div>
  </div>
  <div class=\\"pe-ripple\\"></div>
  <div class=\\"pe-button__wash\\"></div>
  <div class=\\"pe-button__focus\\"></div>
  <div class=\\"pe-fab__content\\">
    <div class=\\"pe-icon pe-icon--regular\\">
      <div class=\\"pe-svg\\">
        <svg width=\\"24\\" height=\\"24\\" viewbox=\\"0 0 24 24\\" focusable=
        \\"false\\">
          <path d=
          \\"M22 5.72l-4.6-3.86-1.29 1.53 4.6 3.86L22 5.72zM7.88 3.39L6.6 1.86 2 5.71l1.29 1.53 4.59-3.85zM12.5 8H11v6l4.75 2.85.75-1.23-4-2.37V8zM12 4c-4.97 0-9 4.03-9 9s4.02 9 9 9c4.97 0 9-4.03 9-9s-4.03-9-9-9zm0 16c-3.87 0-7-3.13-7-7s3.13-7 7-7 7 3.13 7 7-3.13 7-7 7z\\">
          </path>
        </svg>
      </div>
    </div>
  </div>
</div></a>
"
`;

exports[`Themed FAB -- dark tone class 1`] = `
"<a class=\\"pe-fab tests-fab-themed-fab tests-fab-themed-fab\\"
tabindex=\\"0\\">
<div class=\\"pe-button__content\\">
  <div class=\\"pe-shadow pe-shadow--animated\\">
    <div class=\\"pe-shadow__bottom pe-shadow--z-1\\"></div>
    <div class=\\"pe-shadow__top pe-shadow--z-1\\"></div>
  </div>
  <div class=\\"pe-ripple\\"></div>
  <div class=\\"pe-button__wash\\"></div>
  <div class=\\"pe-button__focus\\"></div>
  <div class=\\"pe-fab__content\\">
    <div class=\\"pe-icon pe-icon--regular\\">
      <div class=\\"pe-svg\\">
        <svg width=\\"24\\" height=\\"24\\" viewbox=\\"0 0 24 24\\" focusable=
        \\"false\\">
          <path d=
          \\"M22 5.72l-4.6-3.86-1.29 1.53 4.6 3.86L22 5.72zM7.88 3.39L6.6 1.86 2 5.71l1.29 1.53 4.59-3.85zM12.5 8H11v6l4.75 2.85.75-1.23-4-2.37V8zM12 4c-4.97 0-9 4.03-9 9s4.02 9 9 9c4.97 0 9-4.03 9-9s-4.03-9-9-9zm0 16c-3.87 0-7-3.13-7-7s3.13-7 7-7 7 3.13 7 7-3.13 7-7 7z\\">
          </path>
        </svg>
      </div>
    </div>
  </div>
</div></a>
"
`;
