// Jest Snapshot v1, https://goo.gl/fbAQLP

exports[`Colored field 1`] = `
"<form style=
\\"min-height: 130px; overflow: hidden; background-color: rgb(228, 228, 228); padding: 8px;\\">
<div style=\\"background: rgb(187, 222, 251);\\" class=
\\"pe-search pe-search--inset\\">
    <div class=\\"pe-shadow\\">
      <div class=\\"pe-shadow__bottom pe-shadow--z-1\\"></div>
      <div class=\\"pe-shadow__top pe-shadow--z-1\\"></div>
    </div>
    <div class=\\"pe-search__content\\">
      <a class=\\"pe-button pe-icon-button pe-button--inactive\\">
      <div class=\\"pe-button__content\\">
        <div class=\\"pe-ripple\\"></div>
        <div class=\\"pe-button__focus\\"></div>
        <div class=\\"pe-icon-button__content\\">
          <div class=\\"pe-icon pe-icon--regular\\">
            <div class=\\"pe-svg\\">
              <svg width=\\"24\\" height=\\"24\\" viewbox=\\"0 0 24 24\\"
              focusable=\\"false\\">
                <path d=
                \\"M15.5 14h-.79l-.28-.27C15.41 12.59 16 11.11 16 9.5 16 5.91 13.09 3 9.5 3S3 5.91 3 9.5 5.91 16 9.5 16c1.61 0 3.09-.59 4.23-1.57l.27.28v.79l5 4.99L20.49 19l-4.99-5zm-6 0C7.01 14 5 11.99 5 9.5S7.01 5 9.5 5 14 7.01 14 9.5 11.99 14 9.5 14z\\">
                </path>
              </svg>
            </div>
          </div>
        </div>
      </div></a>
      <div class=\\"pe-textfield\\">
        <div class=\\"pe-textfield__input-area\\">
          <label class=
          \\"pe-textfield__label\\">Search</label><input class=
          \\"pe-textfield__input\\" type=\\"text\\">
        </div>
      </div><a class=
      \\"pe-button pe-icon-button pe-button--inactive\\">
      <div class=\\"pe-button__content\\">
        <div class=\\"pe-ripple\\"></div>
        <div class=\\"pe-button__focus\\"></div>
        <div class=\\"pe-icon-button__content\\">
          <div class=\\"pe-icon pe-icon--regular\\">
            <div class=\\"pe-svg\\">
              <svg width=\\"24\\" height=\\"24\\" viewbox=\\"0 0 24 24\\"
              focusable=\\"false\\">
                <path d=
                \\"M12 14c1.66 0 2.99-1.34 2.99-3L15 5c0-1.66-1.34-3-3-3S9 3.34 9 5v6c0 1.66 1.34 3 3 3zm5.3-3c0 3-2.54 5.1-5.3 5.1S6.7 14 6.7 11H5c0 3.41 2.72 6.23 6 6.72V21h2v-3.28c3.28-.48 6-3.3 6-6.72h-1.7z\\">
                </path>
              </svg>
            </div>
          </div>
        </div>
      </div></a>
    </div>
  </div>
</form>
"
`;

exports[`Dark tone class + light tone 1`] = `
"<form style=
\\"min-height: 130px; overflow: hidden; background-color: transparent; padding: 8px;\\">
<div class=\\"pe-search pe-search--inset pe-light-tone\\">
    <div class=\\"pe-shadow\\">
      <div class=\\"pe-shadow__bottom pe-shadow--z-1\\"></div>
      <div class=\\"pe-shadow__top pe-shadow--z-1\\"></div>
    </div>
    <div class=\\"pe-search__content\\">
      <a class=\\"pe-button pe-icon-button pe-button--inactive\\">
      <div class=\\"pe-button__content\\">
        <div class=\\"pe-ripple\\"></div>
        <div class=\\"pe-button__focus\\"></div>
        <div class=\\"pe-icon-button__content\\">
          <div class=\\"pe-icon pe-icon--regular\\">
            <div class=\\"pe-svg\\">
              <svg width=\\"24\\" height=\\"24\\" viewbox=\\"0 0 24 24\\"
              focusable=\\"false\\">
                <path d=
                \\"M15.5 14h-.79l-.28-.27C15.41 12.59 16 11.11 16 9.5 16 5.91 13.09 3 9.5 3S3 5.91 3 9.5 5.91 16 9.5 16c1.61 0 3.09-.59 4.23-1.57l.27.28v.79l5 4.99L20.49 19l-4.99-5zm-6 0C7.01 14 5 11.99 5 9.5S7.01 5 9.5 5 14 7.01 14 9.5 11.99 14 9.5 14z\\">
                </path>
              </svg>
            </div>
          </div>
        </div>
      </div></a>
      <div class=\\"pe-textfield\\">
        <div class=\\"pe-textfield__input-area\\">
          <label class=
          \\"pe-textfield__label\\">Search</label><input class=
          \\"pe-textfield__input\\" type=\\"text\\">
        </div>
      </div><a class=
      \\"pe-button pe-icon-button pe-button--inactive\\">
      <div class=\\"pe-button__content\\">
        <div class=\\"pe-ripple\\"></div>
        <div class=\\"pe-button__focus\\"></div>
        <div class=\\"pe-icon-button__content\\">
          <div class=\\"pe-icon pe-icon--regular\\">
            <div class=\\"pe-svg\\">
              <svg width=\\"24\\" height=\\"24\\" viewbox=\\"0 0 24 24\\"
              focusable=\\"false\\">
                <path d=
                \\"M12 14c1.66 0 2.99-1.34 2.99-3L15 5c0-1.66-1.34-3-3-3S9 3.34 9 5v6c0 1.66 1.34 3 3 3zm5.3-3c0 3-2.54 5.1-5.3 5.1S6.7 14 6.7 11H5c0 3.41 2.72 6.23 6 6.72V21h2v-3.28c3.28-.48 6-3.3 6-6.72h-1.7z\\">
                </path>
              </svg>
            </div>
          </div>
        </div>
      </div></a>
    </div>
  </div>
</form>
"
`;

exports[`Dark tone class + light tone class 1`] = `
"<form style=
\\"min-height: 130px; overflow: hidden; background-color: transparent; padding: 8px;\\">
<div class=\\"pe-search pe-search--inset pe-light-tone\\">
    <div class=\\"pe-shadow\\">
      <div class=\\"pe-shadow__bottom pe-shadow--z-1\\"></div>
      <div class=\\"pe-shadow__top pe-shadow--z-1\\"></div>
    </div>
    <div class=\\"pe-search__content\\">
      <a class=\\"pe-button pe-icon-button pe-button--inactive\\">
      <div class=\\"pe-button__content\\">
        <div class=\\"pe-ripple\\"></div>
        <div class=\\"pe-button__focus\\"></div>
        <div class=\\"pe-icon-button__content\\">
          <div class=\\"pe-icon pe-icon--regular\\">
            <div class=\\"pe-svg\\">
              <svg width=\\"24\\" height=\\"24\\" viewbox=\\"0 0 24 24\\"
              focusable=\\"false\\">
                <path d=
                \\"M15.5 14h-.79l-.28-.27C15.41 12.59 16 11.11 16 9.5 16 5.91 13.09 3 9.5 3S3 5.91 3 9.5 5.91 16 9.5 16c1.61 0 3.09-.59 4.23-1.57l.27.28v.79l5 4.99L20.49 19l-4.99-5zm-6 0C7.01 14 5 11.99 5 9.5S7.01 5 9.5 5 14 7.01 14 9.5 11.99 14 9.5 14z\\">
                </path>
              </svg>
            </div>
          </div>
        </div>
      </div></a>
      <div class=\\"pe-textfield\\">
        <div class=\\"pe-textfield__input-area\\">
          <label class=
          \\"pe-textfield__label\\">Search</label><input class=
          \\"pe-textfield__input\\" type=\\"text\\">
        </div>
      </div><a class=
      \\"pe-button pe-icon-button pe-button--inactive\\">
      <div class=\\"pe-button__content\\">
        <div class=\\"pe-ripple\\"></div>
        <div class=\\"pe-button__focus\\"></div>
        <div class=\\"pe-icon-button__content\\">
          <div class=\\"pe-icon pe-icon--regular\\">
            <div class=\\"pe-svg\\">
              <svg width=\\"24\\" height=\\"24\\" viewbox=\\"0 0 24 24\\"
              focusable=\\"false\\">
                <path d=
                \\"M12 14c1.66 0 2.99-1.34 2.99-3L15 5c0-1.66-1.34-3-3-3S9 3.34 9 5v6c0 1.66 1.34 3 3 3zm5.3-3c0 3-2.54 5.1-5.3 5.1S6.7 14 6.7 11H5c0 3.41 2.72 6.23 6 6.72V21h2v-3.28c3.28-.48 6-3.3 6-6.72h-1.7z\\">
                </path>
              </svg>
            </div>
          </div>
        </div>
      </div></a>
    </div>
  </div>
</form>
"
`;

exports[`No options 1`] = `
"<div class=\\"pe-search pe-search--inset\\">
  <div class=\\"pe-search__content\\">
    <div class=\\"pe-textfield\\">
      <div class=\\"pe-textfield__input-area\\">
        <input class=\\"pe-textfield__input\\" type=\\"text\\">
      </div>
    </div>
  </div>
</div>
"
`;

exports[`Option: class 1`] = `
"<div class=\\"pe-search pe-search--inset class-x\\">
  <div class=\\"pe-search__content\\">
    <div class=\\"pe-textfield\\">
      <div class=\\"pe-textfield__input-area\\">
        <input class=\\"pe-textfield__input\\" type=\\"text\\">
      </div>
    </div>
  </div>
</div>
"
`;

exports[`Option: className 1`] = `
"<div class=\\"pe-search pe-search--inset className-x\\">
  <div class=\\"pe-search__content\\">
    <div class=\\"pe-textfield\\">
      <div class=\\"pe-textfield__input-area\\">
        <input class=\\"pe-textfield__input\\" type=\\"text\\">
      </div>
    </div>
  </div>
</div>
"
`;

exports[`Option: element 1`] = `
"<a class=\\"pe-search pe-search--inset\\">
<div class=\\"pe-search__content\\">
  <div class=\\"pe-textfield\\">
    <div class=\\"pe-textfield__input-area\\">
      <input class=\\"pe-textfield__input\\" type=\\"text\\">
    </div>
  </div>
</div></a>
"
`;

exports[`Option: id 1`] = `
"<div id=\\"id-x\\" class=\\"pe-search pe-search--inset\\">
  <div class=\\"pe-search__content\\">
    <div class=\\"pe-textfield\\">
      <div class=\\"pe-textfield__input-area\\">
        <input class=\\"pe-textfield__input\\" type=\\"text\\">
      </div>
    </div>
  </div>
</div>
"
`;

exports[`Option: textfield 1`] = `
"<div class=\\"pe-search pe-search--inset\\">
  <div class=\\"pe-search__content\\">
    <div class=\\"pe-textfield\\">
      <div class=\\"pe-textfield__input-area\\">
        <label class=
        \\"pe-textfield__label\\">Search</label><input class=
        \\"pe-textfield__input\\" type=\\"text\\">
      </div>
    </div>
  </div>
  <div class=\\"pe-shadow\\">
    <div class=\\"pe-shadow__bottom pe-shadow--z-1\\"></div>
    <div class=\\"pe-shadow__top pe-shadow--z-1\\"></div>
  </div>
</div>
"
`;

exports[`Option: textfield, buttons 1`] = `
"<form style=
\\"min-height: 130px; overflow: hidden; background-color: rgb(228, 228, 228); padding: 8px;\\">
<div class=\\"pe-search pe-search--inset\\">
    <div class=\\"pe-shadow\\">
      <div class=\\"pe-shadow__bottom pe-shadow--z-1\\"></div>
      <div class=\\"pe-shadow__top pe-shadow--z-1\\"></div>
    </div>
    <div class=\\"pe-search__content\\">
      <a class=\\"pe-button pe-icon-button pe-button--inactive\\">
      <div class=\\"pe-button__content\\">
        <div class=\\"pe-ripple\\"></div>
        <div class=\\"pe-button__focus\\"></div>
        <div class=\\"pe-icon-button__content\\">
          <div class=\\"pe-icon pe-icon--regular\\">
            <div class=\\"pe-svg\\">
              <svg width=\\"24\\" height=\\"24\\" viewbox=\\"0 0 24 24\\"
              focusable=\\"false\\">
                <path d=
                \\"M15.5 14h-.79l-.28-.27C15.41 12.59 16 11.11 16 9.5 16 5.91 13.09 3 9.5 3S3 5.91 3 9.5 5.91 16 9.5 16c1.61 0 3.09-.59 4.23-1.57l.27.28v.79l5 4.99L20.49 19l-4.99-5zm-6 0C7.01 14 5 11.99 5 9.5S7.01 5 9.5 5 14 7.01 14 9.5 11.99 14 9.5 14z\\">
                </path>
              </svg>
            </div>
          </div>
        </div>
      </div></a>
      <div class=\\"pe-textfield\\">
        <div class=\\"pe-textfield__input-area\\">
          <label class=
          \\"pe-textfield__label\\">Search</label><input class=
          \\"pe-textfield__input\\" type=\\"text\\">
        </div>
      </div><a class=
      \\"pe-button pe-icon-button pe-button--inactive\\">
      <div class=\\"pe-button__content\\">
        <div class=\\"pe-ripple\\"></div>
        <div class=\\"pe-button__focus\\"></div>
        <div class=\\"pe-icon-button__content\\">
          <div class=\\"pe-icon pe-icon--regular\\">
            <div class=\\"pe-svg\\">
              <svg width=\\"24\\" height=\\"24\\" viewbox=\\"0 0 24 24\\"
              focusable=\\"false\\">
                <path d=
                \\"M12 14c1.66 0 2.99-1.34 2.99-3L15 5c0-1.66-1.34-3-3-3S9 3.34 9 5v6c0 1.66 1.34 3 3 3zm5.3-3c0 3-2.54 5.1-5.3 5.1S6.7 14 6.7 11H5c0 3.41 2.72 6.23 6 6.72V21h2v-3.28c3.28-.48 6-3.3 6-6.72h-1.7z\\">
                </path>
              </svg>
            </div>
          </div>
        </div>
      </div></a>
    </div>
  </div>
</form>
"
`;

exports[`Option: textfield, buttons, fullWidth 1`] = `
"<form style=
\\"min-height: 130px; overflow: hidden; background-color: rgb(228, 228, 228);\\">
<div class=\\"pe-search pe-search--full-width\\">
    <div class=\\"pe-shadow\\">
      <div class=\\"pe-shadow__bottom pe-shadow--z-1\\"></div>
      <div class=\\"pe-shadow__top pe-shadow--z-1\\"></div>
    </div>
    <div class=\\"pe-search__content\\">
      <a class=\\"pe-button pe-icon-button pe-button--inactive\\">
      <div class=\\"pe-button__content\\">
        <div class=\\"pe-ripple\\"></div>
        <div class=\\"pe-button__focus\\"></div>
        <div class=\\"pe-icon-button__content\\">
          <div class=\\"pe-icon pe-icon--regular\\">
            <div class=\\"pe-svg\\">
              <svg width=\\"24\\" height=\\"24\\" viewbox=\\"0 0 24 24\\"
              focusable=\\"false\\">
                <path d=
                \\"M15.5 14h-.79l-.28-.27C15.41 12.59 16 11.11 16 9.5 16 5.91 13.09 3 9.5 3S3 5.91 3 9.5 5.91 16 9.5 16c1.61 0 3.09-.59 4.23-1.57l.27.28v.79l5 4.99L20.49 19l-4.99-5zm-6 0C7.01 14 5 11.99 5 9.5S7.01 5 9.5 5 14 7.01 14 9.5 11.99 14 9.5 14z\\">
                </path>
              </svg>
            </div>
          </div>
        </div>
      </div></a>
      <div class=\\"pe-textfield\\">
        <div class=\\"pe-textfield__input-area\\">
          <label class=
          \\"pe-textfield__label\\">Search</label><input class=
          \\"pe-textfield__input\\" type=\\"text\\">
        </div>
      </div><a class=
      \\"pe-button pe-icon-button pe-button--inactive\\">
      <div class=\\"pe-button__content\\">
        <div class=\\"pe-ripple\\"></div>
        <div class=\\"pe-button__focus\\"></div>
        <div class=\\"pe-icon-button__content\\">
          <div class=\\"pe-icon pe-icon--regular\\">
            <div class=\\"pe-svg\\">
              <svg width=\\"24\\" height=\\"24\\" viewbox=\\"0 0 24 24\\"
              focusable=\\"false\\">
                <path d=
                \\"M12 14c1.66 0 2.99-1.34 2.99-3L15 5c0-1.66-1.34-3-3-3S9 3.34 9 5v6c0 1.66 1.34 3 3 3zm5.3-3c0 3-2.54 5.1-5.3 5.1S6.7 14 6.7 11H5c0 3.41 2.72 6.23 6 6.72V21h2v-3.28c3.28-.48 6-3.3 6-6.72h-1.7z\\">
                </path>
              </svg>
            </div>
          </div>
        </div>
      </div></a>
    </div>
  </div>
</form>
"
`;

exports[`Theme -- dark tone class 1`] = `
"<form style=
\\"min-height: 130px; overflow: hidden; background-color: transparent; padding: 8px;\\">
<div class=\\"pe-search pe-search--inset tests-search-themed-search\\">
  <div class=\\"pe-shadow\\">
      <div class=\\"pe-shadow__bottom pe-shadow--z-1\\"></div>
      <div class=\\"pe-shadow__top pe-shadow--z-1\\"></div>
    </div>
    <div class=\\"pe-search__content\\">
      <a class=\\"pe-button pe-icon-button pe-button--inactive\\">
      <div class=\\"pe-button__content\\">
        <div class=\\"pe-ripple\\"></div>
        <div class=\\"pe-button__focus\\"></div>
        <div class=\\"pe-icon-button__content\\">
          <div class=\\"pe-icon pe-icon--regular\\">
            <div class=\\"pe-svg\\">
              <svg width=\\"24\\" height=\\"24\\" viewbox=\\"0 0 24 24\\"
              focusable=\\"false\\">
                <path d=
                \\"M15.5 14h-.79l-.28-.27C15.41 12.59 16 11.11 16 9.5 16 5.91 13.09 3 9.5 3S3 5.91 3 9.5 5.91 16 9.5 16c1.61 0 3.09-.59 4.23-1.57l.27.28v.79l5 4.99L20.49 19l-4.99-5zm-6 0C7.01 14 5 11.99 5 9.5S7.01 5 9.5 5 14 7.01 14 9.5 11.99 14 9.5 14z\\">
                </path>
              </svg>
            </div>
          </div>
        </div>
      </div></a>
      <div class=\\"pe-textfield\\">
        <div class=\\"pe-textfield__input-area\\">
          <label class=
          \\"pe-textfield__label\\">Search</label><input class=
          \\"pe-textfield__input\\" type=\\"text\\">
        </div>
      </div><a class=
      \\"pe-button pe-icon-button pe-button--inactive\\">
      <div class=\\"pe-button__content\\">
        <div class=\\"pe-ripple\\"></div>
        <div class=\\"pe-button__focus\\"></div>
        <div class=\\"pe-icon-button__content\\">
          <div class=\\"pe-icon pe-icon--regular\\">
            <div class=\\"pe-svg\\">
              <svg width=\\"24\\" height=\\"24\\" viewbox=\\"0 0 24 24\\"
              focusable=\\"false\\">
                <path d=
                \\"M12 14c1.66 0 2.99-1.34 2.99-3L15 5c0-1.66-1.34-3-3-3S9 3.34 9 5v6c0 1.66 1.34 3 3 3zm5.3-3c0 3-2.54 5.1-5.3 5.1S6.7 14 6.7 11H5c0 3.41 2.72 6.23 6 6.72V21h2v-3.28c3.28-.48 6-3.3 6-6.72h-1.7z\\">
                </path>
              </svg>
            </div>
          </div>
        </div>
      </div></a>
    </div>
  </div>
</form>
"
`;

exports[`Theme 1`] = `
"<form style=
\\"min-height: 130px; overflow: hidden; background-color: rgb(228, 228, 228); padding: 8px;\\">
<div class=
\\"pe-search pe-search--inset pe-dark-tone tests-search-themed-search\\">
  <div class=\\"pe-shadow\\">
      <div class=\\"pe-shadow__bottom pe-shadow--z-1\\"></div>
      <div class=\\"pe-shadow__top pe-shadow--z-1\\"></div>
    </div>
    <div class=\\"pe-search__content\\">
      <a class=\\"pe-button pe-icon-button pe-button--inactive\\">
      <div class=\\"pe-button__content\\">
        <div class=\\"pe-ripple\\"></div>
        <div class=\\"pe-button__focus\\"></div>
        <div class=\\"pe-icon-button__content\\">
          <div class=\\"pe-icon pe-icon--regular\\">
            <div class=\\"pe-svg\\">
              <svg width=\\"24\\" height=\\"24\\" viewbox=\\"0 0 24 24\\"
              focusable=\\"false\\">
                <path d=
                \\"M15.5 14h-.79l-.28-.27C15.41 12.59 16 11.11 16 9.5 16 5.91 13.09 3 9.5 3S3 5.91 3 9.5 5.91 16 9.5 16c1.61 0 3.09-.59 4.23-1.57l.27.28v.79l5 4.99L20.49 19l-4.99-5zm-6 0C7.01 14 5 11.99 5 9.5S7.01 5 9.5 5 14 7.01 14 9.5 11.99 14 9.5 14z\\">
                </path>
              </svg>
            </div>
          </div>
        </div>
      </div></a>
      <div class=\\"pe-textfield\\">
        <div class=\\"pe-textfield__input-area\\">
          <label class=
          \\"pe-textfield__label\\">Search</label><input class=
          \\"pe-textfield__input\\" type=\\"text\\">
        </div>
      </div><a class=
      \\"pe-button pe-icon-button pe-button--inactive\\">
      <div class=\\"pe-button__content\\">
        <div class=\\"pe-ripple\\"></div>
        <div class=\\"pe-button__focus\\"></div>
        <div class=\\"pe-icon-button__content\\">
          <div class=\\"pe-icon pe-icon--regular\\">
            <div class=\\"pe-svg\\">
              <svg width=\\"24\\" height=\\"24\\" viewbox=\\"0 0 24 24\\"
              focusable=\\"false\\">
                <path d=
                \\"M12 14c1.66 0 2.99-1.34 2.99-3L15 5c0-1.66-1.34-3-3-3S9 3.34 9 5v6c0 1.66 1.34 3 3 3zm5.3-3c0 3-2.54 5.1-5.3 5.1S6.7 14 6.7 11H5c0 3.41 2.72 6.23 6 6.72V21h2v-3.28c3.28-.48 6-3.3 6-6.72h-1.7z\\">
                </path>
              </svg>
            </div>
          </div>
        </div>
      </div></a>
    </div>
  </div>
</form>
"
`;

exports[`With search results 1`] = `
"<form style=
\\"min-height: 130px; overflow: hidden; background-color: rgb(228, 228, 228); padding: 8px;\\">
<div class=\\"container\\">
    <div class=\\"pe-search pe-search--inset\\">
      <div class=\\"pe-shadow\\">
        <div class=\\"pe-shadow__bottom pe-shadow--z-1\\"></div>
        <div class=\\"pe-shadow__top pe-shadow--z-1\\"></div>
      </div>
      <div class=\\"pe-search__content\\">
        <a class=\\"pe-button pe-icon-button pe-button--inactive\\">
        <div class=\\"pe-button__content\\">
          <div class=\\"pe-ripple\\"></div>
          <div class=\\"pe-button__focus\\"></div>
          <div class=\\"pe-icon-button__content\\">
            <div class=\\"pe-icon pe-icon--regular\\">
              <div class=\\"pe-svg\\">
                <svg width=\\"24\\" height=\\"24\\" viewbox=\\"0 0 24 24\\"
                focusable=\\"false\\">
                  <path d=
                  \\"M15.5 14h-.79l-.28-.27C15.41 12.59 16 11.11 16 9.5 16 5.91 13.09 3 9.5 3S3 5.91 3 9.5 5.91 16 9.5 16c1.61 0 3.09-.59 4.23-1.57l.27.28v.79l5 4.99L20.49 19l-4.99-5zm-6 0C7.01 14 5 11.99 5 9.5S7.01 5 9.5 5 14 7.01 14 9.5 11.99 14 9.5 14z\\">
                  </path>
                </svg>
              </div>
            </div>
          </div>
        </div></a>
        <div class=\\"pe-textfield pe-textfield--dirty\\">
          <div class=\\"pe-textfield__input-area\\">
            <label class=\\"pe-textfield__label\\">Type color
            name</label><input class=\\"pe-textfield__input\\" type=
            \\"text\\">
          </div>
        </div><a class=
        \\"pe-button pe-icon-button pe-button--inactive\\">
        <div class=\\"pe-button__content\\">
          <div class=\\"pe-ripple\\"></div>
          <div class=\\"pe-button__focus\\"></div>
          <div class=\\"pe-icon-button__content\\">
            <div class=\\"pe-icon pe-icon--regular\\">
              <div class=\\"pe-svg\\">
                <svg width=\\"24\\" height=\\"24\\" viewbox=\\"0 0 24 24\\"
                focusable=\\"false\\">
                  <path d=
                  \\"M12 14c1.66 0 2.99-1.34 2.99-3L15 5c0-1.66-1.34-3-3-3S9 3.34 9 5v6c0 1.66 1.34 3 3 3zm5.3-3c0 3-2.54 5.1-5.3 5.1S6.7 14 6.7 11H5c0 3.41 2.72 6.23 6 6.72V21h2v-3.28c3.28-.48 6-3.3 6-6.72h-1.7z\\">
                  </path>
                </svg>
              </div>
            </div>
          </div>
        </div></a>
      </div>
    </div>
    <div class=
    \\"pe-list pe-list--border pe-list--padding tests-search-keyboard-color-list\\">
    <div class=
    \\"pe-list-tile pe-list-tile--hoverable pe-list-tile--front tests-search-keyboard-color-list-tile\\"
      tabindex=\\"0\\">
        <div class=\\"pe-list-tile__primary\\" style=\\"\\">
          <div class=
          \\"pe-list-tile__content pe-list-tile__content-front pe-list-tile--compact-front\\">
          <div style=
          \\"background-color: rgb(0, 0, 0); width: 24px; height: 24px; border-radius: 50%;\\">
            </div>
          </div>
          <div class=\\"pe-list-tile__content\\">
            <div class=\\"pe-list-tile__title\\">
              black
            </div>
          </div>
        </div>
      </div>
      <div class=
      \\"pe-list-tile pe-list-tile--hoverable pe-list-tile--front tests-search-keyboard-color-list-tile\\"
      tabindex=\\"0\\">
        <div class=\\"pe-list-tile__primary\\" style=\\"\\">
          <div class=
          \\"pe-list-tile__content pe-list-tile__content-front pe-list-tile--compact-front\\">
          <div style=
          \\"background-color: rgb(255, 235, 205); width: 24px; height: 24px; border-radius: 50%;\\">
            </div>
          </div>
          <div class=\\"pe-list-tile__content\\">
            <div class=\\"pe-list-tile__title\\">
              blanchedalmond
            </div>
          </div>
        </div>
      </div>
      <div class=
      \\"pe-list-tile pe-list-tile--hoverable pe-list-tile--front tests-search-keyboard-color-list-tile\\"
      tabindex=\\"0\\">
        <div class=\\"pe-list-tile__primary\\" style=\\"\\">
          <div class=
          \\"pe-list-tile__content pe-list-tile__content-front pe-list-tile--compact-front\\">
          <div style=
          \\"background-color: rgb(0, 0, 255); width: 24px; height: 24px; border-radius: 50%;\\">
            </div>
          </div>
          <div class=\\"pe-list-tile__content\\">
            <div class=\\"pe-list-tile__title\\">
              blue
            </div>
          </div>
        </div>
      </div>
      <div class=
      \\"pe-list-tile pe-list-tile--hoverable pe-list-tile--front tests-search-keyboard-color-list-tile\\"
      tabindex=\\"0\\">
        <div class=\\"pe-list-tile__primary\\" style=\\"\\">
          <div class=
          \\"pe-list-tile__content pe-list-tile__content-front pe-list-tile--compact-front\\">
          <div style=
          \\"background-color: rgb(138, 43, 226); width: 24px; height: 24px; border-radius: 50%;\\">
            </div>
          </div>
          <div class=\\"pe-list-tile__content\\">
            <div class=\\"pe-list-tile__title\\">
              blueviolet
            </div>
          </div>
        </div>
      </div>
    </div>
  </div>
</form>
"
`;
